Component: ARM Compiler 5.06 update 6 (build 750) Tool: armlink [4d35ed]

==============================================================================

Section Cross References

    startup_stm32f103xb.o(STACK) refers (Special) to heapauxi.o(.text) for __use_two_region_memory
    startup_stm32f103xb.o(HEAP) refers (Special) to heapauxi.o(.text) for __use_two_region_memory
    startup_stm32f103xb.o(RESET) refers (Special) to heapauxi.o(.text) for __use_two_region_memory
    startup_stm32f103xb.o(RESET) refers to startup_stm32f103xb.o(STACK) for __initial_sp
    startup_stm32f103xb.o(RESET) refers to startup_stm32f103xb.o(.text) for Reset_Handler
    startup_stm32f103xb.o(RESET) refers to stm32f1xx_it.o(i.NMI_Handler) for NMI_Handler
    startup_stm32f103xb.o(RESET) refers to stm32f1xx_it.o(i.HardFault_Handler) for HardFault_Handler
    startup_stm32f103xb.o(RESET) refers to stm32f1xx_it.o(i.MemManage_Handler) for MemManage_Handler
    startup_stm32f103xb.o(RESET) refers to stm32f1xx_it.o(i.BusFault_Handler) for BusFault_Handler
    startup_stm32f103xb.o(RESET) refers to stm32f1xx_it.o(i.UsageFault_Handler) for UsageFault_Handler
    startup_stm32f103xb.o(RESET) refers to stm32f1xx_it.o(i.SVC_Handler) for SVC_Handler
    startup_stm32f103xb.o(RESET) refers to stm32f1xx_it.o(i.DebugMon_Handler) for DebugMon_Handler
    startup_stm32f103xb.o(RESET) refers to stm32f1xx_it.o(i.PendSV_Handler) for PendSV_Handler
    startup_stm32f103xb.o(RESET) refers to stm32f1xx_it.o(i.SysTick_Handler) for SysTick_Handler
    startup_stm32f103xb.o(RESET) refers to stm32f1xx_it.o(i.TIM3_IRQHandler) for TIM3_IRQHandler
    startup_stm32f103xb.o(.text) refers (Special) to heapauxi.o(.text) for __use_two_region_memory
    startup_stm32f103xb.o(.text) refers to system_stm32f1xx.o(i.SystemInit) for SystemInit
    startup_stm32f103xb.o(.text) refers to __main.o(!!!main) for __main
    startup_stm32f103xb.o(.text) refers to startup_stm32f103xb.o(HEAP) for Heap_Mem
    startup_stm32f103xb.o(.text) refers to startup_stm32f103xb.o(STACK) for Stack_Mem
    clcd_i2c.o(i.CLCD_I2C_BlinkOff) refers to clcd_i2c.o(i.CLCD_WriteI2C) for CLCD_WriteI2C
    clcd_i2c.o(i.CLCD_I2C_BlinkOn) refers to clcd_i2c.o(i.CLCD_WriteI2C) for CLCD_WriteI2C
    clcd_i2c.o(i.CLCD_I2C_Clear) refers to clcd_i2c.o(i.CLCD_WriteI2C) for CLCD_WriteI2C
    clcd_i2c.o(i.CLCD_I2C_Clear) refers to stm32f1xx_hal.o(i.HAL_Delay) for HAL_Delay
    clcd_i2c.o(i.CLCD_I2C_CursorOff) refers to clcd_i2c.o(i.CLCD_WriteI2C) for CLCD_WriteI2C
    clcd_i2c.o(i.CLCD_I2C_CursorOn) refers to clcd_i2c.o(i.CLCD_WriteI2C) for CLCD_WriteI2C
    clcd_i2c.o(i.CLCD_I2C_Init) refers to stm32f1xx_hal.o(i.HAL_Delay) for HAL_Delay
    clcd_i2c.o(i.CLCD_I2C_Init) refers to clcd_i2c.o(i.CLCD_WriteI2C) for CLCD_WriteI2C
    clcd_i2c.o(i.CLCD_I2C_ReturnHome) refers to clcd_i2c.o(i.CLCD_WriteI2C) for CLCD_WriteI2C
    clcd_i2c.o(i.CLCD_I2C_ReturnHome) refers to stm32f1xx_hal.o(i.HAL_Delay) for HAL_Delay
    clcd_i2c.o(i.CLCD_I2C_SetCursor) refers to clcd_i2c.o(i.CLCD_WriteI2C) for CLCD_WriteI2C
    clcd_i2c.o(i.CLCD_I2C_WriteChar) refers to clcd_i2c.o(i.CLCD_WriteI2C) for CLCD_WriteI2C
    clcd_i2c.o(i.CLCD_I2C_WriteString) refers to clcd_i2c.o(i.CLCD_I2C_WriteChar) for CLCD_I2C_WriteChar
    clcd_i2c.o(i.CLCD_WriteI2C) refers to stm32f1xx_hal.o(i.HAL_Delay) for HAL_Delay
    clcd_i2c.o(i.CLCD_WriteI2C) refers to stm32f1xx_hal_i2c.o(i.HAL_I2C_Master_Transmit) for HAL_I2C_Master_Transmit
    button.o(i.BUTTON_Init) refers to stm32f1xx_hal_gpio.o(i.HAL_GPIO_Init) for HAL_GPIO_Init
    button.o(i.BUTTON_Read) refers to stm32f1xx_hal.o(i.HAL_GetTick) for HAL_GetTick
    button.o(i.BUTTON_Read) refers to stm32f1xx_hal_gpio.o(i.HAL_GPIO_ReadPin) for HAL_GPIO_ReadPin
    button.o(i.BUTTON_Read) refers to button.o(.data) for .data
    delay.o(i.SysTick_delay) refers to system_stm32f1xx.o(.data) for SystemCoreClock
    setpoint_interrup.o(i.Data_Update) refers to _printf_pad.o(.text) for _printf_pre_padding
    setpoint_interrup.o(i.Data_Update) refers to _printf_percent.o(.ARM.Collect$$_printf_percent$$00000000) for _printf_percent
    setpoint_interrup.o(i.Data_Update) refers to _printf_f.o(.ARM.Collect$$_printf_percent$$00000003) for _printf_f
    setpoint_interrup.o(i.Data_Update) refers to printf1.o(x$fpl$printf1) for _printf_fp_dec
    setpoint_interrup.o(i.Data_Update) refers to stm32f1xx_hal_adc.o(i.HAL_ADC_GetValue) for HAL_ADC_GetValue
    setpoint_interrup.o(i.Data_Update) refers to fflt_clz.o(x$fpl$ffltu) for __aeabi_ui2f
    setpoint_interrup.o(i.Data_Update) refers to ffixu.o(x$fpl$ffixu) for __aeabi_f2uiz
    setpoint_interrup.o(i.Data_Update) refers to setpoint_interrup.o(i.mapToRange) for mapToRange
    setpoint_interrup.o(i.Data_Update) refers to f2d.o(x$fpl$f2d) for __aeabi_f2d
    setpoint_interrup.o(i.Data_Update) refers to noretval__2sprintf.o(.text) for __2sprintf
    setpoint_interrup.o(i.Data_Update) refers to clcd_i2c.o(i.CLCD_I2C_SetCursor) for CLCD_I2C_SetCursor
[...]
    .text                                    0x08000844   Section        0  _sputc.o(.text)
    .text                                    0x08000850   Section        8  rt_locale_intlibspace.o(.text)
    .text                                    0x08000858   Section      138  lludiv10.o(.text)
    .text                                    0x080008e4   Section        0  _printf_fp_infnan.o(.text)
    .text                                    0x08000964   Section        0  bigflt0.o(.text)
    .text                                    0x08000a48   Section        8  libspace.o(.text)
    .text                                    0x08000a50   Section       74  sys_stackheap_outer.o(.text)
    .text                                    0x08000a9a   Section        0  exit.o(.text)
    .text                                    0x08000aac   Section      128  strcmpv7m.o(.text)
    .text                                    0x08000b2c   Section        0  sys_exit.o(.text)
    .text                                    0x08000b38   Section        2  use_no_semi.o(.text)
    .text                                    0x08000b3a   Section        0  indicate_semi.o(.text)
    CL$$btod_d2e                             0x08000b3a   Section       62  btod.o(CL$$btod_d2e)
    CL$$btod_d2e_denorm_low                  0x08000b78   Section       70  btod.o(CL$$btod_d2e_denorm_low)
    CL$$btod_d2e_norm_op1                    0x08000bbe   Section       96  btod.o(CL$$btod_d2e_norm_op1)
    CL$$btod_div_common                      0x08000c1e   Section      824  btod.o(CL$$btod_div_common)
    CL$$btod_e2e                             0x08000f56   Section      220  btod.o(CL$$btod_e2e)
    CL$$btod_ediv                            0x08001032   Section       42  btod.o(CL$$btod_ediv)
    CL$$btod_emul                            0x0800105c   Section       42  btod.o(CL$$btod_emul)
    CL$$btod_mult_common                     0x08001086   Section      580  btod.o(CL$$btod_mult_common)
    i.ADC_ConversionStop_Disable             0x080012cc   Section        0  stm32f1xx_hal_adc.o(i.ADC_ConversionStop_Disable)
    i.ADC_Enable                             0x08001324   Section        0  stm32f1xx_hal_adc.o(i.ADC_Enable)
    i.BUTTON_Setting_Init                    0x080013a0   Section        0  setpoint_interrup.o(i.BUTTON_Setting_Init)
    i.BusFault_Handler                       0x080013a6   Section        0  stm32f1xx_it.o(i.BusFault_Handler)
    i.CLCD_I2C_Clear                         0x080013a8   Section        0  clcd_i2c.o(i.CLCD_I2C_Clear)
    i.CLCD_I2C_Init                          0x080013bc   Section        0  clcd_i2c.o(i.CLCD_I2C_Init)
    i.CLCD_I2C_SetCursor                     0x0800145e   Section        0  clcd_i2c.o(i.CLCD_I2C_SetCursor)
    i.CLCD_I2C_WriteChar                     0x080014a2   Section        0  clcd_i2c.o(i.CLCD_I2C_WriteChar)
    i.CLCD_I2C_WriteString                   0x080014a8   Section        0  clcd_i2c.o(i.CLCD_I2C_WriteString)
    i.CLCD_WriteI2C                          0x080014c0   Section        0  clcd_i2c.o(i.CLCD_WriteI2C)
    CLCD_WriteI2C                            0x080014c1   Thumb Code   106  clcd_i2c.o(i.CLCD_WriteI2C)
    i.DELAY_TIM_Init                         0x0800152a   Section        0  delay_timer.o(i.DELAY_TIM_Init)
    i.DELAY_TIM_Ms                           0x0800152e   Section        0  delay_timer.o(i.DELAY_TIM_Ms)
    i.DELAY_TIM_Us                           0x0800154c   Section        0  delay_timer.o(i.DELAY_TIM_Us)
    i.DS18B20_DelayMs                        0x0800155c   Section        0  ds18b20.o(i.DS18B20_DelayMs)
    DS18B20_DelayMs                          0x0800155d   Thumb Code     6  ds18b20.o(i.DS18B20_DelayMs)
    i.DS18B20_DelayUs                        0x08001562   Section        0  ds18b20.o(i.DS18B20_DelayUs)
    DS18B20_DelayUs                          0x08001563   Thumb Code     6  ds18b20.o(i.DS18B20_DelayUs)
    i.DS18B20_Init                           0x08001568   Section        0  ds18b20.o(i.DS18B20_Init)
    i.DS18B20_Read                           0x08001578   Section        0  ds18b20.o(i.DS18B20_Read)
    DS18B20_Read                             0x08001579   Thumb Code    80  ds18b20.o(i.DS18B20_Read)
    i.DS18B20_ReadPin                        0x080015c8   Section        0  ds18b20.o(i.DS18B20_ReadPin)
    DS18B20_ReadPin                          0x080015c9   Thumb Code     8  ds18b20.o(i.DS18B20_ReadPin)
    i.DS18B20_ReadTemp                       0x080015d0   Section        0  ds18b20.o(i.DS18B20_ReadTemp)
    i.DS18B20_SetPinIn                       0x08001632   Section        0  ds18b20.o(i.DS18B20_SetPinIn)
    DS18B20_SetPinIn                         0x08001633   Thumb Code    30  ds18b20.o(i.DS18B20_SetPinIn)
    i.DS18B20_SetPinOut                      0x08001650   Section        0  ds18b20.o(i.DS18B20_SetPinOut)
    DS18B20_SetPinOut                        0x08001651   Thumb Code    34  ds18b20.o(i.DS18B20_SetPinOut)
    i.DS18B20_Start                          0x08001672   Section        0  ds18b20.o(i.DS18B20_Start)
    DS18B20_Start                            0x08001673   Thumb Code    66  ds18b20.o(i.DS18B20_Start)
    i.DS18B20_Write                          0x080016b4   Section        0  ds18b20.o(i.DS18B20_Write)
    DS18B20_Write                            0x080016b5   Thumb Code    98  ds18b20.o(i.DS18B20_Write)
    i.DS18B20_WritePin                       0x08001716   Section        0  ds18b20.o(i.DS18B20_WritePin)
    DS18B20_WritePin                         0x08001717   Thumb Code    12  ds18b20.o(i.DS18B20_WritePin)
    i.Data_Update                            0x08001724   Section        0  setpoint_interrup.o(i.Data_Update)
    i.DebugMon_Handler                       0x08001780   Section        0  stm32f1xx_it.o(i.DebugMon_Handler)
    i.HAL_ADC_ConfigChannel                  0x08001784   Section        0  stm32f1xx_hal_adc.o(i.HAL_ADC_ConfigChannel)
    i.HAL_ADC_GetValue                       0x08001880   Section        0  stm32f1xx_hal_adc.o(i.HAL_ADC_GetValue)
    i.HAL_ADC_Init                           0x08001888   Section        0  stm32f1xx_hal_adc.o(i.HAL_ADC_Init)
    i.HAL_ADC_MspInit                        0x080019a4   Section        0  stm32f1xx_hal_msp.o(i.HAL_ADC_MspInit)
    i.HAL_ADC_Start                          0x080019fc   Section        0  stm32f1xx_hal_adc.o(i.HAL_ADC_Start)
    i.HAL_Delay                              0x08001abc   Section        0  stm32f1xx_hal.o(i.HAL_Delay)
    i.HAL_GPIO_Init                          0x08001ae0   Section        0  stm32f1xx_hal_gpio.o(i.HAL_GPIO_Init)
    i.HAL_GPIO_ReadPin                       0x08001cc0   Section        0  stm32f1xx_hal_gpio.o(i.HAL_GPIO_ReadPin)
    i.HAL_GPIO_TogglePin                     0x08001cca   Section        0  stm32f1xx_hal_gpio.o(i.HAL_GPIO_TogglePin)
    i.HAL_GPIO_WritePin                      0x08001cda   Section        0  stm32f1xx_hal_gpio.o(i.HAL_GPIO_WritePin)
    i.HAL_GetTick                            0x08001ce4   Section        0  stm32f1xx_hal.o(i.HAL_GetTick)
    i.HAL_I2C_Init                           0x08001cf0   Section        0  stm32f1xx_hal_i2c.o(i.HAL_I2C_Init)
    i.HAL_I2C_Master_Transmit                0x08001e78   Section        0  stm32f1xx_hal_i2c.o(i.HAL_I2C_Master_Transmit)
    i.HAL_I2C_MspInit                        0x08001fa4   Section        0  stm32f1xx_hal_msp.o(i.HAL_I2C_MspInit)
    i.HAL_IncTick                            0x08002000   Section        0  stm32f1xx_hal.o(i.HAL_IncTick)
    i.HAL_Init                               0x08002010   Section        0  stm32f1xx_hal.o(i.HAL_Init)
    i.HAL_InitTick                           0x08002034   Section        0  stm32f1xx_hal.o(i.HAL_InitTick)
    i.HAL_MspInit                            0x08002074   Section        0  stm32f1xx_hal_msp.o(i.HAL_MspInit)
    i.HAL_NVIC_EnableIRQ                     0x080020b0   Section        0  stm32f1xx_hal_cortex.o(i.HAL_NVIC_EnableIRQ)
    i.HAL_NVIC_SetPriority                   0x080020cc   Section        0  stm32f1xx_hal_cortex.o(i.HAL_NVIC_SetPriority)
    i.HAL_NVIC_SetPriorityGrouping           0x0800210c   Section        0  stm32f1xx_hal_cortex.o(i.HAL_NVIC_SetPriorityGrouping)
    i.HAL_RCCEx_PeriphCLKConfig              0x08002130   Section        0  stm32f1xx_hal_rcc_ex.o(i.HAL_RCCEx_PeriphCLKConfig)
    i.HAL_RCC_ClockConfig                    0x0800221c   Section        0  stm32f1xx_hal_rcc.o(i.HAL_RCC_ClockConfig)
    i.HAL_RCC_GetPCLK1Freq                   0x08002348   Section        0  stm32f1xx_hal_rcc.o(i.HAL_RCC_GetPCLK1Freq)
    i.HAL_RCC_GetPCLK2Freq                   0x08002368   Section        0  stm32f1xx_hal_rcc.o(i.HAL_RCC_GetPCLK2Freq)
    i.HAL_RCC_GetSysClockFreq                0x08002388   Section        0  stm32f1xx_hal_rcc.o(i.HAL_RCC_GetSysClockFreq)
    i.HAL_RCC_OscConfig                      0x080023d4   Section        0  stm32f1xx_hal_rcc.o(i.HAL_RCC_OscConfig)
    i.HAL_SYSTICK_Config                     0x080026f4   Section        0  stm32f1xx_hal_cortex.o(i.HAL_SYSTICK_Config)
    i.HAL_TIMEx_BreakCallback                0x0800271c   Section        0  stm32f1xx_hal_tim_ex.o(i.HAL_TIMEx_BreakCallback)
    i.HAL_TIMEx_CommutCallback               0x0800271e   Section        0  stm32f1xx_hal_tim_ex.o(i.HAL_TIMEx_CommutCallback)
    i.HAL_TIMEx_MasterConfigSynchronization  0x08002720   Section        0  stm32f1xx_hal_tim_ex.o(i.HAL_TIMEx_MasterConfigSynchronization)
    i.HAL_TIM_Base_Init                      0x08002788   Section        0  stm32f1xx_hal_tim.o(i.HAL_TIM_Base_Init)
    i.HAL_TIM_Base_MspInit                   0x080027e4   Section        0  stm32f1xx_hal_msp.o(i.HAL_TIM_Base_MspInit)
    i.HAL_TIM_Base_Start                     0x08002850   Section        0  stm32f1xx_hal_tim.o(i.HAL_TIM_Base_Start)
    i.HAL_TIM_Base_Start_IT                  0x080028a0   Section        0  stm32f1xx_hal_tim.o(i.HAL_TIM_Base_Start_IT)
    i.HAL_TIM_ConfigClockSource              0x080028f8   Section        0  stm32f1xx_hal_tim.o(i.HAL_TIM_ConfigClockSource)
    i.HAL_TIM_IC_CaptureCallback             0x080029d4   Section        0  stm32f1xx_hal_tim.o(i.HAL_TIM_IC_CaptureCallback)
    i.HAL_TIM_IRQHandler                     0x080029d6   Section        0  stm32f1xx_hal_tim.o(i.HAL_TIM_IRQHandler)
    i.HAL_TIM_MspPostInit                    0x08002b3c   Section        0  stm32f1xx_hal_msp.o(i.HAL_TIM_MspPostInit)
    i.HAL_TIM_OC_DelayElapsedCallback        0x08002b84   Section        0  stm32f1xx_hal_tim.o(i.HAL_TIM_OC_DelayElapsedCallback)
    i.HAL_TIM_PWM_ConfigChannel              0x08002b86   Section        0  stm32f1xx_hal_tim.o(i.HAL_TIM_PWM_ConfigChannel)
    i.HAL_TIM_PWM_Init                       0x08002c52   Section        0  stm32f1xx_hal_tim.o(i.HAL_TIM_PWM_Init)
    i.HAL_TIM_PWM_MspInit                    0x08002cac   Section        0  stm32f1xx_hal_tim.o(i.HAL_TIM_PWM_MspInit)
    i.HAL_TIM_PWM_PulseFinishedCallback      0x08002cae   Section        0  stm32f1xx_hal_tim.o(i.HAL_TIM_PWM_PulseFinishedCallback)
    i.HAL_TIM_PWM_Start                      0x08002cb0   Section        0  stm32f1xx_hal_tim.o(i.HAL_TIM_PWM_Start)
    i.HAL_TIM_PeriodElapsedCallback          0x08002d4c   Section        0  main.o(i.HAL_TIM_PeriodElapsedCallback)
    i.HAL_TIM_TriggerCallback                0x08002d58   Section        0  stm32f1xx_hal_tim.o(i.HAL_TIM_TriggerCallback)
    i.HAL_UART_Init                          0x08002d5a   Section        0  stm32f1xx_hal_uart.o(i.HAL_UART_Init)
    i.HAL_UART_MspInit                       0x08002dc0   Section        0  stm32f1xx_hal_msp.o(i.HAL_UART_MspInit)
    i.HAL_UART_Transmit                      0x08002e30   Section        0  stm32f1xx_hal_uart.o(i.HAL_UART_Transmit)
    i.HardFault_Handler                      0x08002eca   Section        0  stm32f1xx_it.o(i.HardFault_Handler)
    i.I2C_IsAcknowledgeFailed                0x08002ecc   Section        0  stm32f1xx_hal_i2c.o(i.I2C_IsAcknowledgeFailed)
    I2C_IsAcknowledgeFailed                  0x08002ecd   Thumb Code    46  stm32f1xx_hal_i2c.o(i.I2C_IsAcknowledgeFailed)
    i.I2C_MasterRequestWrite                 0x08002efc   Section        0  stm32f1xx_hal_i2c.o(i.I2C_MasterRequestWrite)
    I2C_MasterRequestWrite                   0x08002efd   Thumb Code   150  stm32f1xx_hal_i2c.o(i.I2C_MasterRequestWrite)
    i.I2C_WaitOnBTFFlagUntilTimeout          0x08002f98   Section        0  stm32f1xx_hal_i2c.o(i.I2C_WaitOnBTFFlagUntilTimeout)
    I2C_WaitOnBTFFlagUntilTimeout            0x08002f99   Thumb Code    86  stm32f1xx_hal_i2c.o(i.I2C_WaitOnBTFFlagUntilTimeout)
    i.I2C_WaitOnFlagUntilTimeout             0x08002ff0   Section        0  stm32f1xx_hal_i2c.o(i.I2C_WaitOnFlagUntilTimeout)
    I2C_WaitOnFlagUntilTimeout               0x08002ff1   Thumb Code   144  stm32f1xx_hal_i2c.o(i.I2C_WaitOnFlagUntilTimeout)
    i.I2C_WaitOnMasterAddressFlagUntilTimeout 0x08003080   Section        0  stm32f1xx_hal_i2c.o(i.I2C_WaitOnMasterAddressFlagUntilTimeout)
    I2C_WaitOnMasterAddressFlagUntilTimeout  0x08003081   Thumb Code   188  stm32f1xx_hal_i2c.o(i.I2C_WaitOnMasterAddressFlagUntilTimeout)
    i.I2C_WaitOnTXEFlagUntilTimeout          0x0800313c   Section        0  stm32f1xx_hal_i2c.o(i.I2C_WaitOnTXEFlagUntilTimeout)
    I2C_WaitOnTXEFlagUntilTimeout            0x0800313d   Thumb Code    86  stm32f1xx_hal_i2c.o(i.I2C_WaitOnTXEFlagUntilTimeout)
    i.MX_ADC1_Init                           0x08003194   Section        0  main.o(i.MX_ADC1_Init)
    MX_ADC1_Init                             0x08003195   Thumb Code    56  main.o(i.MX_ADC1_Init)
    i.MX_GPIO_Init                           0x080031d4   Section        0  main.o(i.MX_GPIO_Init)
    MX_GPIO_Init                             0x080031d5   Thumb Code   158  main.o(i.MX_GPIO_Init)
    i.MX_TIM2_Init                           0x08003284   Section        0  main.o(i.MX_TIM2_Init)
    MX_TIM2_Init                             0x08003285   Thumb Code   118  main.o(i.MX_TIM2_Init)
    i.MX_TIM3_Init                           0x08003300   Section        0  main.o(i.MX_TIM3_Init)
    MX_TIM3_Init                             0x08003301   Thumb Code    76  main.o(i.MX_TIM3_Init)
    i.MX_TIM4_Init                           0x08003354   Section        0  main.o(i.MX_TIM4_Init)
    MX_TIM4_Init                             0x08003355   Thumb Code    74  main.o(i.MX_TIM4_Init)
    i.MemManage_Handler                      0x080033a8   Section        0  stm32f1xx_it.o(i.MemManage_Handler)
    i.NMI_Handler                            0x080033aa   Section        0  stm32f1xx_it.o(i.NMI_Handler)
    i.PID_Control                            0x080033ac   Section        0  main.o(i.PID_Control)
    i.PendSV_Handler                         0x0800343c   Section        0  stm32f1xx_it.o(i.PendSV_Handler)
    i.Printf_Sever                           0x08003440   Section        0  main.o(i.Printf_Sever)
    i.SVC_Handler                            0x08003488   Section        0  stm32f1xx_it.o(i.SVC_Handler)
    i.Setpoint_Interrupt_Mode                0x0800348c   Section        0  setpoint_interrup.o(i.Setpoint_Interrupt_Mode)
    i.SysTick_Handler                        0x080034e0   Section        0  stm32f1xx_it.o(i.SysTick_Handler)
    i.SystemClock_Config                     0x080034e4   Section        0  main.o(i.SystemClock_Config)
    i.SystemInit                             0x08003546   Section        0  system_stm32f1xx.o(i.SystemInit)
    i.TIM3_IRQHandler                        0x08003548   Section        0  stm32f1xx_it.o(i.TIM3_IRQHandler)
    i.TIM_Base_SetConfig                     0x08003554   Section        0  stm32f1xx_hal_tim.o(i.TIM_Base_SetConfig)
    i.TIM_CCxChannelCmd                      0x080035c0   Section        0  stm32f1xx_hal_tim.o(i.TIM_CCxChannelCmd)
    i.TIM_ETR_SetConfig                      0x080035da   Section        0  stm32f1xx_hal_tim.o(i.TIM_ETR_SetConfig)
    i.TIM_ITRx_SetConfig                     0x080035ee   Section        0  stm32f1xx_hal_tim.o(i.TIM_ITRx_SetConfig)
    TIM_ITRx_SetConfig                       0x080035ef   Thumb Code    16  stm32f1xx_hal_tim.o(i.TIM_ITRx_SetConfig)
    i.TIM_OC1_SetConfig                      0x08003600   Section        0  stm32f1xx_hal_tim.o(i.TIM_OC1_SetConfig)
    TIM_OC1_SetConfig                        0x08003601   Thumb Code    74  stm32f1xx_hal_tim.o(i.TIM_OC1_SetConfig)
    i.TIM_OC2_SetConfig                      0x08003650   Section        0  stm32f1xx_hal_tim.o(i.TIM_OC2_SetConfig)
    i.TIM_OC3_SetConfig                      0x080036a8   Section        0  stm32f1xx_hal_tim.o(i.TIM_OC3_SetConfig)
    TIM_OC3_SetConfig                        0x080036a9   Thumb Code    82  stm32f1xx_hal_tim.o(i.TIM_OC3_SetConfig)
    i.TIM_OC4_SetConfig                      0x08003700   Section        0  stm32f1xx_hal_tim.o(i.TIM_OC4_SetConfig)
    TIM_OC4_SetConfig                        0x08003701   Thumb Code    64  stm32f1xx_hal_tim.o(i.TIM_OC4_SetConfig)
    i.TIM_TI1_ConfigInputStage               0x08003744   Section        0  stm32f1xx_hal_tim.o(i.TIM_TI1_ConfigInputStage)
    TIM_TI1_ConfigInputStage                 0x08003745   Thumb Code    34  stm32f1xx_hal_tim.o(i.TIM_TI1_ConfigInputStage)
    i.TIM_TI2_ConfigInputStage               0x08003766   Section        0  stm32f1xx_hal_tim.o(i.TIM_TI2_ConfigInputStage)
    TIM_TI2_ConfigInputStage                 0x08003767   Thumb Code    36  stm32f1xx_hal_tim.o(i.TIM_TI2_ConfigInputStage)
    i.UART_SetConfig                         0x0800378c   Section        0  stm32f1xx_hal_uart.o(i.UART_SetConfig)
    UART_SetConfig                           0x0800378d   Thumb Code   178  stm32f1xx_hal_uart.o(i.UART_SetConfig)
    i.UART_WaitOnFlagUntilTimeout            0x08003844   Section        0  stm32f1xx_hal_uart.o(i.UART_WaitOnFlagUntilTimeout)
    UART_WaitOnFlagUntilTimeout              0x08003845   Thumb Code   120  stm32f1xx_hal_uart.o(i.UART_WaitOnFlagUntilTimeout)
    i.UsageFault_Handler                     0x080038bc   Section        0  stm32f1xx_it.o(i.UsageFault_Handler)
    i.__ARM_fpclassify                       0x080038be   Section        0  fpclassify.o(i.__ARM_fpclassify)
    i.__NVIC_SetPriority                     0x080038e6   Section        0  stm32f1xx_hal_cortex.o(i.__NVIC_SetPriority)
    __NVIC_SetPriority                       0x080038e7   Thumb Code    32  stm32f1xx_hal_cortex.o(i.__NVIC_SetPriority)
    i._is_digit                              0x08003906   Section        0  __printf_wp.o(i._is_digit)
    i.lcd_clear                              0x08003914   Section        0  i2c-lcd.o(i.lcd_clear)
    i.lcd_init                               0x0800392c   Section        0  i2c-lcd.o(i.lcd_init)
    i.lcd_put_cur                            0x080039a4   Section        0  i2c-lcd.o(i.lcd_put_cur)
    i.lcd_send_cmd                           0x080039bc   Section        0  i2c-lcd.o(i.lcd_send_cmd)
    i.lcd_send_data                          0x080039fc   Section        0  i2c-lcd.o(i.lcd_send_data)
    i.lcd_send_string                        0x08003a3c   Section        0  i2c-lcd.o(i.lcd_send_string)
    i.main                                   0x08003a50   Section        0  main.o(i.main)
    i.mapToRange                             0x08003c34   Section        0  setpoint_interrup.o(i.mapToRange)
    mapToRange                               0x08003c35   Thumb Code    68  setpoint_interrup.o(i.mapToRange)
    locale$$code                             0x08003c7c   Section       44  lc_numeric_c.o(locale$$code)
    x$fpl$dadd                               0x08003ca8   Section      336  daddsub_clz.o(x$fpl$dadd)
    _dadd1                                   0x08003cb9   Thumb Code     0  daddsub_clz.o(x$fpl$dadd)
    x$fpl$ddiv                               0x08003df8   Section      688  ddiv.o(x$fpl$ddiv)
    ddiv_entry                               0x08003dff   Thumb Code     0  ddiv.o(x$fpl$ddiv)
    x$fpl$dfixu                              0x080040a8   Section       90  dfixu.o(x$fpl$dfixu)
    x$fpl$dflt                               0x08004102   Section       46  dflt_clz.o(x$fpl$dflt)
    x$fpl$dfltu                              0x08004130   Section       38  dflt_clz.o(x$fpl$dfltu)
    x$fpl$dmul                               0x08004158   Section      340  dmul.o(x$fpl$dmul)
    x$fpl$dnaninf                            0x080042ac   Section      156  dnaninf.o(x$fpl$dnaninf)
    x$fpl$dretinf                            0x08004348   Section       12  dretinf.o(x$fpl$dretinf)
    x$fpl$dsub                               0x08004354   Section      468  daddsub_clz.o(x$fpl$dsub)
    _dsub1                                   0x08004365   Thumb Code     0  daddsub_clz.o(x$fpl$dsub)
    x$fpl$f2d                                0x08004528   Section       86  f2d.o(x$fpl$f2d)
    x$fpl$fadd                               0x08004580   Section      196  faddsub_clz.o(x$fpl$fadd)
    _fadd1                                   0x0800458f   Thumb Code     0  faddsub_clz.o(x$fpl$fadd)
    x$fpl$ffixu                              0x08004644   Section       62  ffixu.o(x$fpl$ffixu)
    x$fpl$ffltu                              0x08004684   Section       38  fflt_clz.o(x$fpl$ffltu)
    x$fpl$fmul                               0x080046ac   Section      258  fmul.o(x$fpl$fmul)
    x$fpl$fnaninf                            0x080047ae   Section      140  fnaninf.o(x$fpl$fnaninf)
    x$fpl$fretinf                            0x0800483a   Section       10  fretinf.o(x$fpl$fretinf)
    x$fpl$fsub                               0x08004844   Section      234  faddsub_clz.o(x$fpl$fsub)
    _fsub1                                   0x08004853   Thumb Code     0  faddsub_clz.o(x$fpl$fsub)
    x$fpl$printf1                            0x0800492e   Section        4  printf1.o(x$fpl$printf1)
    .constdata                               0x08004932   Section       18  stm32f1xx_hal_rcc.o(.constdata)
    x$fpl$usenofp                            0x08004932   Section        0  usenofp.o(x$fpl$usenofp)
    aPredivFactorTable                       0x08004932   Data           2  stm32f1xx_hal_rcc.o(.constdata)
    aPLLMULFactorTable                       0x08004934   Data          16  stm32f1xx_hal_rcc.o(.constdata)
    .constdata                               0x08004944   Section       16  system_stm32f1xx.o(.constdata)
    .constdata                               0x08004954   Section        8  system_stm32f1xx.o(.constdata)
    .constdata                               0x0800495c   Section      148  bigflt0.o(.constdata)
    tenpwrs_x                                0x0800495c   Data          60  bigflt0.o(.constdata)
    tenpwrs_i                                0x08004998   Data          64  bigflt0.o(.constdata)
    locale$$data                             0x08004a10   Section       28  lc_numeric_c.o(locale$$data)
    __lcnum_c_name                           0x08004a14   Data           2  lc_numeric_c.o(locale$$data)
    __lcnum_c_start                          0x08004a1c   Data           0  lc_numeric_c.o(locale$$data)
    __lcnum_c_point                          0x08004a28   Data           0  lc_numeric_c.o(locale$$data)
    __lcnum_c_thousands                      0x08004a2a   Data           0  lc_numeric_c.o(locale$$data)
    __lcnum_c_grouping                       0x08004a2b   Data           0  lc_numeric_c.o(locale$$data)
    __lcnum_c_end                            0x08004a2c   Data           0  lc_numeric_c.o(locale$$data)
    .data                                    0x20000000   Section       40  main.o(.data)
    .data                                    0x20000028   Section       12  stm32f1xx_hal.o(.data)
    .data                                    0x20000034   Section        4  system_stm32f1xx.o(.data)
    .bss                                     0x20000038   Section      448  main.o(.bss)
    .bss                                     0x200001f8   Section       96  libspace.o(.bss)
    HEAP                                     0x20000258   Section      512  startup_stm32f103xb.o(HEAP)
    Heap_Mem                                 0x20000258   Data         512  startup_stm32f103xb.o(HEAP)
    STACK                                    0x20000458   Section     1024  startup_stm32f103xb.o(STACK)
    Stack_Mem                                0x20000458   Data        1024  startup_stm32f103xb.o(STACK)
    __initial_sp                             0x20000858   Data           0  startup_stm32f103xb.o(STACK)

    Global Symbols

    Symbol Name                              Value     Ov Type        Size  Object(Section)

    BuildAttributes$$THM_ISAv4$P$D$K$B$S$PE$A:L22UL41UL21$X:L11$S22US41US21$IEEE1$IW$USESV6$~STKCKD$USESV7$~SHL$OTIME$ROPI$IEEEJ$EBA8$UX$STANDARDLIB$REQ8$PRES8$EABIv2 0x00000000   Number         0  anon$$obj.o ABSOLUTE
    __ARM_use_no_argv                        0x00000000   Number         0  main.o ABSOLUTE
    _printf_flags                            0x00000000   Number         0  printf_stubs.o ABSOLUTE
    _printf_return_value                     0x00000000   Number         0  printf_stubs.o ABSOLUTE
    _printf_sizespec                         0x00000000   Number         0  printf_stubs.o ABSOLUTE
    _printf_widthprec                        0x00000000   Number         0  printf_stubs.o ABSOLUTE
    __ARM_exceptions_init                     - Undefined Weak Reference
    __alloca_initialize                       - Undefined Weak Reference
    __arm_preinit_                            - Undefined Weak Reference
    __cpp_initialize__aeabi_                  - Undefined Weak Reference
    __cxa_finalize                            - Undefined Weak Reference
    __sigvec_lookup                           - Undefined Weak Reference
    _atexit_init                              - Undefined Weak Reference
    _call_atexit_fns                          - Undefined Weak Reference
    _clock_init                               - Undefined Weak Reference
    _fp_trap_init                             - Undefined Weak Reference
    _fp_trap_shutdown                         - Undefined Weak Reference
    _get_lc_collate                           - Undefined Weak Reference
    _get_lc_ctype                             - Undefined Weak Reference
    _get_lc_monetary                          - Undefined Weak Reference
    _get_lc_time                              - Undefined Weak Reference
    _getenv_init                              - Undefined Weak Reference
    _handle_redirection                       - Undefined Weak Reference
    _init_alloc                               - Undefined Weak Reference
    _init_user_alloc                          - Undefined Weak Reference
    _initio                                   - Undefined Weak Reference
    _rand_init                                - Undefined Weak Reference
    _signal_finish                            - Undefined Weak Reference
    _signal_init                              - Undefined Weak Reference
    _terminate_alloc                          - Undefined Weak Reference
    _terminate_user_alloc                     - Undefined Weak Reference
    _terminateio                              - Undefined Weak Reference
    __Vectors_Size                           0x000000ec   Number         0  startup_stm32f103xb.o ABSOLUTE
    __Vectors                                0x08000000   Data           4  startup_stm32f103xb.o(RESET)
    __Vectors_End                            0x080000ec   Data           0  startup_stm32f103xb.o(RESET)
    __main                                   0x080000ed   Thumb Code     8  __main.o(!!!main)
    __scatterload                            0x080000f5   Thumb Code     0  __scatter.o(!!!scatter)
    __scatterload_rt2                        0x080000f5   Thumb Code    44  __scatter.o(!!!scatter)
    __scatterload_rt2_thumb_only             0x080000f5   Thumb Code     0  __scatter.o(!!!scatter)
    __scatterload_null                       0x08000103   Thumb Code     0  __scatter.o(!!!scatter)
    __scatterload_copy                       0x08000129   Thumb Code    26  __scatter_copy.o(!!handler_copy)
    __scatterload_zeroinit                   0x08000145   Thumb Code    28  __scatter_zi.o(!!handler_zi)
    _printf_f                                0x08000161   Thumb Code     0  _printf_f.o(.ARM.Collect$$_printf_percent$$00000003)
    _printf_percent                          0x08000161   Thumb Code     0  _printf_percent.o(.ARM.Collect$$_printf_percent$$00000000)
    _printf_percent_end                      0x08000167   Thumb Code     0  _printf_percent_end.o(.ARM.Collect$$_printf_percent$$00000017)
    __rt_lib_init                            0x0800016b   Thumb Code     0  libinit.o(.ARM.Collect$$libinit$$00000000)
    __rt_lib_init_fp_1                       0x0800016d   Thumb Code     0  libinit2.o(.ARM.Collect$$libinit$$00000002)
    __rt_lib_init_heap_1                     0x0800016d   Thumb Code     0  libinit2.o(.ARM.Collect$$libinit$$0000000A)
    __rt_lib_init_lc_common                  0x0800016d   Thumb Code     0  libinit2.o(.ARM.Collect$$libinit$$0000000F)
    __rt_lib_init_preinit_1                  0x0800016d   Thumb Code     0  libinit2.o(.ARM.Collect$$libinit$$00000004)
    __rt_lib_init_rand_1                     0x0800016d   Thumb Code     0  libinit2.o(.ARM.Collect$$libinit$$0000000E)
    __rt_lib_init_user_alloc_1               0x0800016d   Thumb Code     0  libinit2.o(.ARM.Collect$$libinit$$0000000C)
    __rt_lib_init_lc_collate_1               0x08000173   Thumb Code     0  libinit2.o(.ARM.Collect$$libinit$$00000011)
    __rt_lib_init_lc_ctype_1                 0x08000173   Thumb Code     0  libinit2.o(.ARM.Collect$$libinit$$00000013)
    __rt_lib_init_lc_monetary_1              0x08000173   Thumb Code     0  libinit2.o(.ARM.Collect$$libinit$$00000015)
    __rt_lib_init_lc_numeric_2               0x08000173   Thumb Code     0  libinit2.o(.ARM.Collect$$libinit$$00000016)
    __rt_lib_init_alloca_1                   0x0800017d   Thumb Code     0  libinit2.o(.ARM.Collect$$libinit$$0000002E)
    __rt_lib_init_argv_1                     0x0800017d   Thumb Code     0  libinit2.o(.ARM.Collect$$libinit$$0000002C)
    __rt_lib_init_atexit_1                   0x0800017d   Thumb Code     0  libinit2.o(.ARM.Collect$$libinit$$0000001B)
    __rt_lib_init_clock_1                    0x0800017d   Thumb Code     0  libinit2.o(.ARM.Collect$$libinit$$00000021)
    __rt_lib_init_cpp_1                      0x0800017d   Thumb Code     0  libinit2.o(.ARM.Collect$$libinit$$00000032)
    __rt_lib_init_exceptions_1               0x0800017d   Thumb Code     0  libinit2.o(.ARM.Collect$$libinit$$00000030)
    __rt_lib_init_fp_trap_1                  0x0800017d   Thumb Code     0  libinit2.o(.ARM.Collect$$libinit$$0000001F)
    __rt_lib_init_getenv_1                   0x0800017d   Thumb Code     0  libinit2.o(.ARM.Collect$$libinit$$00000023)
    __rt_lib_init_lc_numeric_1               0x0800017d   Thumb Code     0  libinit2.o(.ARM.Collect$$libinit$$00000017)
    __rt_lib_init_lc_time_1                  0x0800017d   Thumb Code     0  libinit2.o(.ARM.Collect$$libinit$$00000019)
    __rt_lib_init_return                     0x0800017d   Thumb Code     0  libinit2.o(.ARM.Collect$$libinit$$00000033)
    __rt_lib_init_signal_1                   0x0800017d   Thumb Code     0  libinit2.o(.ARM.Collect$$libinit$$0000001D)
    __rt_lib_init_stdio_1                    0x0800017d   Thumb Code     0  libinit2.o(.ARM.Collect$$libinit$$00000025)
    __rt_lib_shutdown                        0x0800017f   Thumb Code     0  libshutdown.o(.ARM.Collect$$libshutdown$$00000000)
    __rt_lib_shutdown_cpp_1                  0x08000181   Thumb Code     0  libshutdown2.o(.ARM.Collect$$libshutdown$$00000002)
    __rt_lib_shutdown_fp_trap_1              0x08000181   Thumb Code     0  libshutdown2.o(.ARM.Collect$$libshutdown$$00000007)
    __rt_lib_shutdown_heap_1                 0x08000181   Thumb Code     0  libshutdown2.o(.ARM.Collect$$libshutdown$$0000000F)
    __rt_lib_shutdown_return                 0x08000181   Thumb Code     0  libshutdown2.o(.ARM.Collect$$libshutdown$$00000010)
    __rt_lib_shutdown_signal_1               0x08000181   Thumb Code     0  libshutdown2.o(.ARM.Collect$$libshutdown$$0000000A)
    __rt_lib_shutdown_stdio_1                0x08000181   Thumb Code     0  libshutdown2.o(.ARM.Collect$$libshutdown$$00000004)
    __rt_lib_shutdown_user_alloc_1           0x08000181   Thumb Code     0  libshutdown2.o(.ARM.Collect$$libshutdown$$0000000C)
    __rt_entry                               0x08000183   Thumb Code     0  __rtentry.o(.ARM.Collect$$rtentry$$00000000)
    __rt_entry_presh_1                       0x08000183   Thumb Code     0  __rtentry2.o(.ARM.Collect$$rtentry$$00000002)
    __rt_entry_sh                            0x08000183   Thumb Code     0  __rtentry4.o(.ARM.Collect$$rtentry$$00000004)
    __rt_entry_li                            0x08000189   Thumb Code     0  __rtentry2.o(.ARM.Collect$$rtentry$$0000000A)
    __rt_entry_postsh_1                      0x08000189   Thumb Code     0  __rtentry2.o(.ARM.Collect$$rtentry$$00000009)
    __rt_entry_main                          0x0800018d   Thumb Code     0  __rtentry2.o(.ARM.Collect$$rtentry$$0000000D)
    __rt_entry_postli_1                      0x0800018d   Thumb Code     0  __rtentry2.o(.ARM.Collect$$rtentry$$0000000C)
    __rt_exit                                0x08000195   Thumb Code     0  rtexit.o(.ARM.Collect$$rtexit$$00000000)
    __rt_exit_ls                             0x08000197   Thumb Code     0  rtexit2.o(.ARM.Collect$$rtexit$$00000003)
    __rt_exit_prels_1                        0x08000197   Thumb Code     0  rtexit2.o(.ARM.Collect$$rtexit$$00000002)
    __rt_exit_exit                           0x0800019b   Thumb Code     0  rtexit2.o(.ARM.Collect$$rtexit$$00000004)
    Reset_Handler                            0x080001a1   Thumb Code     8  startup_stm32f103xb.o(.text)
    ADC1_2_IRQHandler                        0x080001bb   Thumb Code     0  startup_stm32f103xb.o(.text)
    CAN1_RX1_IRQHandler                      0x080001bb   Thumb Code     0  startup_stm32f103xb.o(.text)
    CAN1_SCE_IRQHandler                      0x080001bb   Thumb Code     0  startup_stm32f103xb.o(.text)
    DMA1_Channel1_IRQHandler                 0x080001bb   Thumb Code     0  startup_stm32f103xb.o(.text)
    DMA1_Channel2_IRQHandler                 0x080001bb   Thumb Code     0  startup_stm32f103xb.o(.text)
    DMA1_Channel3_IRQHandler                 0x080001bb   Thumb Code     0  startup_stm32f103xb.o(.text)
    DMA1_Channel4_IRQHandler                 0x080001bb   Thumb Code     0  startup_stm32f103xb.o(.text)
    DMA1_Channel5_IRQHandler                 0x080001bb   Thumb Code     0  startup_stm32f103xb.o(.text)
    DMA1_Channel6_IRQHandler                 0x080001bb   Thumb Code     0  startup_stm32f103xb.o(.text)
    DMA1_Channel7_IRQHandler                 0x080001bb   Thumb Code     0  startup_stm32f103xb.o(.text)
    EXTI0_IRQHandler                         0x080001bb   Thumb Code     0  startup_stm32f103xb.o(.text)
    EXTI15_10_IRQHandler                     0x080001bb   Thumb Code     0  startup_stm32f103xb.o(.text)
    EXTI1_IRQHandler                         0x080001bb   Thumb Code     0  startup_stm32f103xb.o(.text)
    EXTI2_IRQHandler                         0x080001bb   Thumb Code     0  startup_stm32f103xb.o(.text)
    EXTI3_IRQHandler                         0x080001bb   Thumb Code     0  startup_stm32f103xb.o(.text)
    EXTI4_IRQHandler                         0x080001bb   Thumb Code     0  startup_stm32f103xb.o(.text)
    EXTI9_5_IRQHandler                       0x080001bb   Thumb Code     0  startup_stm32f103xb.o(.text)
    FLASH_IRQHandler                         0x080001bb   Thumb Code     0  startup_stm32f103xb.o(.text)
    I2C1_ER_IRQHandler                       0x080001bb   Thumb Code     0  startup_stm32f103xb.o(.text)
    I2C1_EV_IRQHandler                       0x080001bb   Thumb Code     0  startup_stm32f103xb.o(.text)
    I2C2_ER_IRQHandler                       0x080001bb   Thumb Code     0  startup_stm32f103xb.o(.text)
    I2C2_EV_IRQHandler                       0x080001bb   Thumb Code     0  startup_stm32f103xb.o(.text)
    PVD_IRQHandler                           0x080001bb   Thumb Code     0  startup_stm32f103xb.o(.text)
    RCC_IRQHandler                           0x080001bb   Thumb Code     0  startup_stm32f103xb.o(.text)
    RTC_Alarm_IRQHandler                     0x080001bb   Thumb Code     0  startup_stm32f103xb.o(.text)
    RTC_IRQHandler                           0x080001bb   Thumb Code     0  startup_stm32f103xb.o(.text)
    SPI1_IRQHandler                          0x080001bb   Thumb Code     0  startup_stm32f103xb.o(.text)
    SPI2_IRQHandler                          0x080001bb   Thumb Code     0  startup_stm32f103xb.o(.text)
    TAMPER_IRQHandler                        0x080001bb   Thumb Code     0  startup_stm32f103xb.o(.text)
    TIM1_BRK_IRQHandler                      0x080001bb   Thumb Code     0  startup_stm32f103xb.o(.text)
    TIM1_CC_IRQHandler                       0x080001bb   Thumb Code     0  startup_stm32f103xb.o(.text)
    TIM1_TRG_COM_IRQHandler                  0x080001bb   Thumb Code     0  startup_stm32f103xb.o(.text)
    TIM1_UP_IRQHandler                       0x080001bb   Thumb Code     0  startup_stm32f103xb.o(.text)
    TIM2_IRQHandler                          0x080001bb   Thumb Code     0  startup_stm32f103xb.o(.text)
    TIM4_IRQHandler                          0x080001bb   Thumb Code     0  startup_stm32f103xb.o(.text)
    USART1_IRQHandler                        0x080001bb   Thumb Code     0  startup_stm32f103xb.o(.text)
    USART2_IRQHandler                        0x080001bb   Thumb Code     0  startup_stm32f103xb.o(.text)
    USART3_IRQHandler                        0x080001bb   Thumb Code     0  startup_stm32f103xb.o(.text)
    USBWakeUp_IRQHandler                     0x080001bb   Thumb Code     0  startup_stm32f103xb.o(.text)
    USB_HP_CAN1_TX_IRQHandler                0x080001bb   Thumb Code     0  startup_stm32f103xb.o(.text)
    USB_LP_CAN1_RX0_IRQHandler               0x080001bb   Thumb Code     0  startup_stm32f103xb.o(.text)
    WWDG_IRQHandler                          0x080001bb   Thumb Code     0  startup_stm32f103xb.o(.text)
    __user_initial_stackheap                 0x080001bd   Thumb Code     0  startup_stm32f103xb.o(.text)
    __2sprintf                               0x080001e1   Thumb Code    34  noretval__2sprintf.o(.text)
    _printf_pre_padding                      0x08000209   Thumb Code    44  _printf_pad.o(.text)
    _printf_post_padding                     0x08000235   Thumb Code    34  _printf_pad.o(.text)
    __printf                                 0x08000257   Thumb Code   270  __printf_wp.o(.text)
    strlen                                   0x08000365   Thumb Code    62  strlen.o(.text)
    __aeabi_memclr4                          0x080003a3   Thumb Code     0  rt_memclr_w.o(.text)
    __aeabi_memclr8                          0x080003a3   Thumb Code     0  rt_memclr_w.o(.text)
    __rt_memclr_w                            0x080003a3   Thumb Code    78  rt_memclr_w.o(.text)
    _memset_w                                0x080003a7   Thumb Code     0  rt_memclr_w.o(.text)
    __use_two_region_memory                  0x080003f1   Thumb Code     2  heapauxi.o(.text)
    __rt_heap_escrow$2region                 0x080003f3   Thumb Code     2  heapauxi.o(.text)
    __rt_heap_expand$2region                 0x080003f5   Thumb Code     2  heapauxi.o(.text)
    __lib_sel_fp_printf                      0x080003f7   Thumb Code     2  _printf_fp_dec.o(.text)
    _printf_fp_dec_real                      0x080005a9   Thumb Code   620  _printf_fp_dec.o(.text)
    _printf_char_common                      0x0800081f   Thumb Code    32  _printf_char_common.o(.text)
    _sputc                                   0x08000845   Thumb Code    10  _sputc.o(.text)
    __rt_locale                              0x08000851   Thumb Code     8  rt_locale_intlibspace.o(.text)
    _ll_udiv10                               0x08000859   Thumb Code   138  lludiv10.o(.text)
    _printf_fp_infnan                        0x080008e5   Thumb Code   112  _printf_fp_infnan.o(.text)
    _btod_etento                             0x08000965   Thumb Code   224  bigflt0.o(.text)
    __user_libspace                          0x08000a49   Thumb Code     8  libspace.o(.text)
    __user_perproc_libspace                  0x08000a49   Thumb Code     0  libspace.o(.text)
    __user_perthread_libspace                0x08000a49   Thumb Code     0  libspace.o(.text)
    __user_setup_stackheap                   0x08000a51   Thumb Code    74  sys_stackheap_outer.o(.text)
    exit                                     0x08000a9b   Thumb Code    18  exit.o(.text)
    strcmp                                   0x08000aad   Thumb Code   128  strcmpv7m.o(.text)
    _sys_exit                                0x08000b2d   Thumb Code     8  sys_exit.o(.text)
    __I$use$semihosting                      0x08000b39   Thumb Code     0  use_no_semi.o(.text)
    __use_no_semihosting_swi                 0x08000b39   Thumb Code     2  use_no_semi.o(.text)
    __semihosting_library_function           0x08000b3b   Thumb Code     0  indicate_semi.o(.text)
    _btod_d2e                                0x08000b3b   Thumb Code    62  btod.o(CL$$btod_d2e)
    _d2e_denorm_low                          0x08000b79   Thumb Code    70  btod.o(CL$$btod_d2e_denorm_low)
    _d2e_norm_op1                            0x08000bbf   Thumb Code    96  btod.o(CL$$btod_d2e_norm_op1)
    __btod_div_common                        0x08000c1f   Thumb Code   696  btod.o(CL$$btod_div_common)
    _e2e                                     0x08000f57   Thumb Code   220  btod.o(CL$$btod_e2e)
    _btod_ediv                               0x08001033   Thumb Code    42  btod.o(CL$$btod_ediv)
    _btod_emul                               0x0800105d   Thumb Code    42  btod.o(CL$$btod_emul)
    __btod_mult_common                       0x08001087   Thumb Code   580  btod.o(CL$$btod_mult_common)
    ADC_ConversionStop_Disable               0x080012cd   Thumb Code    86  stm32f1xx_hal_adc.o(i.ADC_ConversionStop_Disable)
    ADC_Enable                               0x08001325   Thumb Code   114  stm32f1xx_hal_adc.o(i.ADC_Enable)
    BUTTON_Setting_Init                      0x080013a1   Thumb Code     6  setpoint_interrup.o(i.BUTTON_Setting_Init)
    BusFault_Handler                         0x080013a7   Thumb Code     2  stm32f1xx_it.o(i.BusFault_Handler)
    CLCD_I2C_Clear                           0x080013a9   Thumb Code    20  clcd_i2c.o(i.CLCD_I2C_Clear)
    CLCD_I2C_Init                            0x080013bd   Thumb Code   162  clcd_i2c.o(i.CLCD_I2C_Init)
    CLCD_I2C_SetCursor                       0x0800145f   Thumb Code    68  clcd_i2c.o(i.CLCD_I2C_SetCursor)
    CLCD_I2C_WriteChar                       0x080014a3   Thumb Code     6  clcd_i2c.o(i.CLCD_I2C_WriteChar)
    CLCD_I2C_WriteString                     0x080014a9   Thumb Code    24  clcd_i2c.o(i.CLCD_I2C_WriteString)
    DELAY_TIM_Init                           0x0800152b   Thumb Code     4  delay_timer.o(i.DELAY_TIM_Init)
    DELAY_TIM_Ms                             0x0800152f   Thumb Code    30  delay_timer.o(i.DELAY_TIM_Ms)
    DELAY_TIM_Us                             0x0800154d   Thumb Code    16  delay_timer.o(i.DELAY_TIM_Us)
    DS18B20_Init                             0x08001569   Thumb Code    16  ds18b20.o(i.DS18B20_Init)
    DS18B20_ReadTemp                         0x080015d1   Thumb Code    98  ds18b20.o(i.DS18B20_ReadTemp)
    Data_Update                              0x08001725   Thumb Code    82  setpoint_interrup.o(i.Data_Update)
    DebugMon_Handler                         0x08001781   Thumb Code     2  stm32f1xx_it.o(i.DebugMon_Handler)
    HAL_ADC_ConfigChannel                    0x08001785   Thumb Code   240  stm32f1xx_hal_adc.o(i.HAL_ADC_ConfigChannel)
    HAL_ADC_GetValue                         0x08001881   Thumb Code     6  stm32f1xx_hal_adc.o(i.HAL_ADC_GetValue)
    HAL_ADC_Init                             0x08001889   Thumb Code   272  stm32f1xx_hal_adc.o(i.HAL_ADC_Init)
    HAL_ADC_MspInit                          0x080019a5   Thumb Code    76  stm32f1xx_hal_msp.o(i.HAL_ADC_MspInit)
    HAL_ADC_Start                            0x080019fd   Thumb Code   184  stm32f1xx_hal_adc.o(i.HAL_ADC_Start)
    HAL_Delay                                0x08001abd   Thumb Code    32  stm32f1xx_hal.o(i.HAL_Delay)
    HAL_GPIO_Init                            0x08001ae1   Thumb Code   446  stm32f1xx_hal_gpio.o(i.HAL_GPIO_Init)
    HAL_GPIO_ReadPin                         0x08001cc1   Thumb Code    10  stm32f1xx_hal_gpio.o(i.HAL_GPIO_ReadPin)
    HAL_GPIO_TogglePin                       0x08001ccb   Thumb Code    16  stm32f1xx_hal_gpio.o(i.HAL_GPIO_TogglePin)
    HAL_GPIO_WritePin                        0x08001cdb   Thumb Code    10  stm32f1xx_hal_gpio.o(i.HAL_GPIO_WritePin)
    HAL_GetTick                              0x08001ce5   Thumb Code     6  stm32f1xx_hal.o(i.HAL_GetTick)
    HAL_I2C_Init                             0x08001cf1   Thumb Code   376  stm32f1xx_hal_i2c.o(i.HAL_I2C_Init)
    HAL_I2C_Master_Transmit                  0x08001e79   Thumb Code   290  stm32f1xx_hal_i2c.o(i.HAL_I2C_Master_Transmit)
    HAL_I2C_MspInit                          0x08001fa5   Thumb Code    80  stm32f1xx_hal_msp.o(i.HAL_I2C_MspInit)
    HAL_IncTick                              0x08002001   Thumb Code    12  stm32f1xx_hal.o(i.HAL_IncTick)
    HAL_Init                                 0x08002011   Thumb Code    32  stm32f1xx_hal.o(i.HAL_Init)
    HAL_InitTick                             0x08002035   Thumb Code    54  stm32f1xx_hal.o(i.HAL_InitTick)
    HAL_MspInit                              0x08002075   Thumb Code    52  stm32f1xx_hal_msp.o(i.HAL_MspInit)
    HAL_NVIC_EnableIRQ                       0x080020b1   Thumb Code    26  stm32f1xx_hal_cortex.o(i.HAL_NVIC_EnableIRQ)
    HAL_NVIC_SetPriority                     0x080020cd   Thumb Code    60  stm32f1xx_hal_cortex.o(i.HAL_NVIC_SetPriority)
    HAL_NVIC_SetPriorityGrouping             0x0800210d   Thumb Code    26  stm32f1xx_hal_cortex.o(i.HAL_NVIC_SetPriorityGrouping)
    HAL_RCCEx_PeriphCLKConfig                0x08002131   Thumb Code   224  stm32f1xx_hal_rcc_ex.o(i.HAL_RCCEx_PeriphCLKConfig)
    HAL_RCC_ClockConfig                      0x0800221d   Thumb Code   280  stm32f1xx_hal_rcc.o(i.HAL_RCC_ClockConfig)
    HAL_RCC_GetPCLK1Freq                     0x08002349   Thumb Code    20  stm32f1xx_hal_rcc.o(i.HAL_RCC_GetPCLK1Freq)
    HAL_RCC_GetPCLK2Freq                     0x08002369   Thumb Code    20  stm32f1xx_hal_rcc.o(i.HAL_RCC_GetPCLK2Freq)
    HAL_RCC_GetSysClockFreq                  0x08002389   Thumb Code    58  stm32f1xx_hal_rcc.o(i.HAL_RCC_GetSysClockFreq)
    HAL_RCC_OscConfig                        0x080023d5   Thumb Code   778  stm32f1xx_hal_rcc.o(i.HAL_RCC_OscConfig)
    HAL_SYSTICK_Config                       0x080026f5   Thumb Code    40  stm32f1xx_hal_cortex.o(i.HAL_SYSTICK_Config)
    HAL_TIMEx_BreakCallback                  0x0800271d   Thumb Code     2  stm32f1xx_hal_tim_ex.o(i.HAL_TIMEx_BreakCallback)
    HAL_TIMEx_CommutCallback                 0x0800271f   Thumb Code     2  stm32f1xx_hal_tim_ex.o(i.HAL_TIMEx_CommutCallback)
    HAL_TIMEx_MasterConfigSynchronization    0x08002721   Thumb Code    92  stm32f1xx_hal_tim_ex.o(i.HAL_TIMEx_MasterConfigSynchronization)
    HAL_TIM_Base_Init                        0x08002789   Thumb Code    90  stm32f1xx_hal_tim.o(i.HAL_TIM_Base_Init)
    HAL_TIM_Base_MspInit                     0x080027e5   Thumb Code    94  stm32f1xx_hal_msp.o(i.HAL_TIM_Base_MspInit)
    HAL_TIM_Base_Start                       0x08002851   Thumb Code    66  stm32f1xx_hal_tim.o(i.HAL_TIM_Base_Start)
    HAL_TIM_Base_Start_IT                    0x080028a1   Thumb Code    76  stm32f1xx_hal_tim.o(i.HAL_TIM_Base_Start_IT)
    HAL_TIM_ConfigClockSource                0x080028f9   Thumb Code   220  stm32f1xx_hal_tim.o(i.HAL_TIM_ConfigClockSource)
    HAL_TIM_IC_CaptureCallback               0x080029d5   Thumb Code     2  stm32f1xx_hal_tim.o(i.HAL_TIM_IC_CaptureCallback)
    HAL_TIM_IRQHandler                       0x080029d7   Thumb Code   358  stm32f1xx_hal_tim.o(i.HAL_TIM_IRQHandler)
    HAL_TIM_MspPostInit                      0x08002b3d   Thumb Code    62  stm32f1xx_hal_msp.o(i.HAL_TIM_MspPostInit)
    HAL_TIM_OC_DelayElapsedCallback          0x08002b85   Thumb Code     2  stm32f1xx_hal_tim.o(i.HAL_TIM_OC_DelayElapsedCallback)
    HAL_TIM_PWM_ConfigChannel                0x08002b87   Thumb Code   204  stm32f1xx_hal_tim.o(i.HAL_TIM_PWM_ConfigChannel)
    HAL_TIM_PWM_Init                         0x08002c53   Thumb Code    90  stm32f1xx_hal_tim.o(i.HAL_TIM_PWM_Init)
    HAL_TIM_PWM_MspInit                      0x08002cad   Thumb Code     2  stm32f1xx_hal_tim.o(i.HAL_TIM_PWM_MspInit)
    HAL_TIM_PWM_PulseFinishedCallback        0x08002caf   Thumb Code     2  stm32f1xx_hal_tim.o(i.HAL_TIM_PWM_PulseFinishedCallback)
    HAL_TIM_PWM_Start                        0x08002cb1   Thumb Code   144  stm32f1xx_hal_tim.o(i.HAL_TIM_PWM_Start)
    HAL_TIM_PeriodElapsedCallback            0x08002d4d   Thumb Code     8  main.o(i.HAL_TIM_PeriodElapsedCallback)
    HAL_TIM_TriggerCallback                  0x08002d59   Thumb Code     2  stm32f1xx_hal_tim.o(i.HAL_TIM_TriggerCallback)
    HAL_UART_Init                            0x08002d5b   Thumb Code   100  stm32f1xx_hal_uart.o(i.HAL_UART_Init)
    HAL_UART_MspInit                         0x08002dc1   Thumb Code   100  stm32f1xx_hal_msp.o(i.HAL_UART_MspInit)
    HAL_UART_Transmit                        0x08002e31   Thumb Code   154  stm32f1xx_hal_uart.o(i.HAL_UART_Transmit)
    HardFault_Handler                        0x08002ecb   Thumb Code     2  stm32f1xx_it.o(i.HardFault_Handler)
    MemManage_Handler                        0x080033a9   Thumb Code     2  stm32f1xx_it.o(i.MemManage_Handler)
    NMI_Handler                              0x080033ab   Thumb Code     2  stm32f1xx_it.o(i.NMI_Handler)
    PID_Control                              0x080033ad   Thumb Code   128  main.o(i.PID_Control)
    PendSV_Handler                           0x0800343d   Thumb Code     2  stm32f1xx_it.o(i.PendSV_Handler)
    Printf_Sever                             0x08003441   Thumb Code    46  main.o(i.Printf_Sever)
    SVC_Handler                              0x08003489   Thumb Code     2  stm32f1xx_it.o(i.SVC_Handler)
    Setpoint_Interrupt_Mode                  0x0800348d   Thumb Code    68  setpoint_interrup.o(i.Setpoint_Interrupt_Mode)
    SysTick_Handler                          0x080034e1   Thumb Code     4  stm32f1xx_it.o(i.SysTick_Handler)
    SystemClock_Config                       0x080034e5   Thumb Code    98  main.o(i.SystemClock_Config)
    SystemInit                               0x08003547   Thumb Code     2  system_stm32f1xx.o(i.SystemInit)
    TIM3_IRQHandler                          0x08003549   Thumb Code     6  stm32f1xx_it.o(i.TIM3_IRQHandler)
    TIM_Base_SetConfig                       0x08003555   Thumb Code    94  stm32f1xx_hal_tim.o(i.TIM_Base_SetConfig)
    TIM_CCxChannelCmd                        0x080035c1   Thumb Code    26  stm32f1xx_hal_tim.o(i.TIM_CCxChannelCmd)
    TIM_ETR_SetConfig                        0x080035db   Thumb Code    20  stm32f1xx_hal_tim.o(i.TIM_ETR_SetConfig)
    TIM_OC2_SetConfig                        0x08003651   Thumb Code    84  stm32f1xx_hal_tim.o(i.TIM_OC2_SetConfig)
    UsageFault_Handler                       0x080038bd   Thumb Code     2  stm32f1xx_it.o(i.UsageFault_Handler)
    __ARM_fpclassify                         0x080038bf   Thumb Code    40  fpclassify.o(i.__ARM_fpclassify)
    _is_digit                                0x08003907   Thumb Code    14  __printf_wp.o(i._is_digit)
    lcd_clear                                0x08003915   Thumb Code    24  i2c-lcd.o(i.lcd_clear)
    lcd_init                                 0x0800392d   Thumb Code   120  i2c-lcd.o(i.lcd_init)
    lcd_put_cur                              0x080039a5   Thumb Code    24  i2c-lcd.o(i.lcd_put_cur)
    lcd_send_cmd                             0x080039bd   Thumb Code    58  i2c-lcd.o(i.lcd_send_cmd)
    lcd_send_data                            0x080039fd   Thumb Code    58  i2c-lcd.o(i.lcd_send_data)
    lcd_send_string                          0x08003a3d   Thumb Code    20  i2c-lcd.o(i.lcd_send_string)
    main                                     0x08003a51   Thumb Code   412  main.o(i.main)
    _get_lc_numeric                          0x08003c7d   Thumb Code    44  lc_numeric_c.o(locale$$code)
    __aeabi_dadd                             0x08003ca9   Thumb Code     0  daddsub_clz.o(x$fpl$dadd)
    _dadd                                    0x08003ca9   Thumb Code   332  daddsub_clz.o(x$fpl$dadd)
    __aeabi_ddiv                             0x08003df9   Thumb Code     0  ddiv.o(x$fpl$ddiv)
    _ddiv                                    0x08003df9   Thumb Code   552  ddiv.o(x$fpl$ddiv)
    __aeabi_d2uiz                            0x080040a9   Thumb Code     0  dfixu.o(x$fpl$dfixu)
    _dfixu                                   0x080040a9   Thumb Code    90  dfixu.o(x$fpl$dfixu)
    __aeabi_i2d                              0x08004103   Thumb Code     0  dflt_clz.o(x$fpl$dflt)
    _dflt                                    0x08004103   Thumb Code    46  dflt_clz.o(x$fpl$dflt)
    __aeabi_ui2d                             0x08004131   Thumb Code     0  dflt_clz.o(x$fpl$dfltu)
    _dfltu                                   0x08004131   Thumb Code    38  dflt_clz.o(x$fpl$dfltu)
    __aeabi_dmul                             0x08004159   Thumb Code     0  dmul.o(x$fpl$dmul)
    _dmul                                    0x08004159   Thumb Code   332  dmul.o(x$fpl$dmul)
    __fpl_dnaninf                            0x080042ad   Thumb Code   156  dnaninf.o(x$fpl$dnaninf)
    __fpl_dretinf                            0x08004349   Thumb Code    12  dretinf.o(x$fpl$dretinf)
    __aeabi_dsub                             0x08004355   Thumb Code     0  daddsub_clz.o(x$fpl$dsub)
    _dsub                                    0x08004355   Thumb Code   464  daddsub_clz.o(x$fpl$dsub)
    __aeabi_f2d                              0x08004529   Thumb Code     0  f2d.o(x$fpl$f2d)
    _f2d                                     0x08004529   Thumb Code    86  f2d.o(x$fpl$f2d)
    __aeabi_fadd                             0x08004581   Thumb Code     0  faddsub_clz.o(x$fpl$fadd)
    _fadd                                    0x08004581   Thumb Code   196  faddsub_clz.o(x$fpl$fadd)
    __aeabi_f2uiz                            0x08004645   Thumb Code     0  ffixu.o(x$fpl$ffixu)
    _ffixu                                   0x08004645   Thumb Code    62  ffixu.o(x$fpl$ffixu)
    __aeabi_ui2f                             0x08004685   Thumb Code     0  fflt_clz.o(x$fpl$ffltu)
    _ffltu                                   0x08004685   Thumb Code    38  fflt_clz.o(x$fpl$ffltu)
    __aeabi_fmul                             0x080046ad   Thumb Code     0  fmul.o(x$fpl$fmul)
    _fmul                                    0x080046ad   Thumb Code   258  fmul.o(x$fpl$fmul)
    __fpl_fnaninf                            0x080047af   Thumb Code   140  fnaninf.o(x$fpl$fnaninf)
    __fpl_fretinf                            0x0800483b   Thumb Code    10  fretinf.o(x$fpl$fretinf)
    __aeabi_fsub                             0x08004845   Thumb Code     0  faddsub_clz.o(x$fpl$fsub)
    _fsub                                    0x08004845   Thumb Code   234  faddsub_clz.o(x$fpl$fsub)
    _printf_fp_dec                           0x0800492f   Thumb Code     4  printf1.o(x$fpl$printf1)
    __I$use$fp                               0x08004932   Number         0  usenofp.o(x$fpl$usenofp)
    AHBPrescTable                            0x08004944   Data          16  system_stm32f1xx.o(.constdata)
    APBPrescTable                            0x08004954   Data           8  system_stm32f1xx.o(.constdata)
    Region$$Table$$Base                      0x080049f0   Number         0  anon$$obj.o(Region$$Table)
    Region$$Table$$Limit                     0x08004a10   Number         0  anon$$obj.o(Region$$Table)
    Flag_Send                                0x20000000   Data           1  main.o(.data)
    Kp                                       0x20000004   Data           4  main.o(.data)
    Ki                                       0x20000008   Data           4  main.o(.data)
    Kd                                       0x2000000c   Data           4  main.o(.data)
    prev_error                               0x20000010   Data           4  main.o(.data)
    integral                                 0x20000014   Data           4  main.o(.data)
    Temp                                     0x20000018   Data           4  main.o(.data)
    Data                                     0x2000001c   Data           4  main.o(.data)
    SETTING                                  0x20000020   Data           8  main.o(.data)
    uwTickFreq                               0x20000028   Data           1  stm32f1xx_hal.o(.data)
    uwTickPrio                               0x2000002c   Data           4  stm32f1xx_hal.o(.data)
    uwTick                                   0x20000030   Data           4  stm32f1xx_hal.o(.data)
    SystemCoreClock                          0x20000034   Data           4  system_stm32f1xx.o(.data)
    hadc1                                    0x20000038   Data          48  main.o(.bss)
    hi2c1                                    0x20000068   Data          84  main.o(.bss)
    htim2                                    0x200000bc   Data          72  main.o(.bss)
    htim3                                    0x20000104   Data          72  main.o(.bss)
    htim4                                    0x2000014c   Data          72  main.o(.bss)
    huart1                                   0x20000194   Data          72  main.o(.bss)
    LCD1                                     0x200001dc   Data          12  main.o(.bss)
    DS1                                      0x200001e8   Data          16  main.o(.bss)
    __libspace_start                         0x200001f8   Data          96  libspace.o(.bss)
    __temporary_stack_top$libspace           0x20000258   Data           0  libspace.o(.bss)



==============================================================================

Memory Map of the image

  Image Entry point : 0x080000ed

  Load Region LR_IROM1 (Base: 0x08000000, Size: 0x00004a64, Max: 0x00010000, ABSOLUTE)

    Execution Region ER_IROM1 (Exec base: 0x08000000, Load base: 0x08000000, Size: 0x00004a2c, Max: 0x00010000, ABSOLUTE)

    Exec Addr    Load Addr    Size         Type   Attr      Idx    E Section Name        Object

    0x08000000   0x08000000   0x000000ec   Data   RO            3    RESET               startup_stm32f103xb.o
    0x080000ec   0x080000ec   0x00000008   Code   RO         3865  * !!!main             c_w.l(__main.o)
    0x080000f4   0x080000f4   0x00000034   Code   RO         4127    !!!scatter          c_w.l(__scatter.o)
    0x08000128   0x08000128   0x0000001a   Code   RO         4129    !!handler_copy      c_w.l(__scatter_copy.o)
    0x08000142   0x08000142   0x00000002   PAD
    0x08000144   0x08000144   0x0000001c   Code   RO         4131    !!handler_zi        c_w.l(__scatter_zi.o)
    0x08000160   0x08000160   0x00000000   Code   RO         3858    .ARM.Collect$$_printf_percent$$00000000  c_w.l(_printf_percent.o)
    0x08000160   0x08000160   0x00000006   Code   RO         3857    .ARM.Collect$$_printf_percent$$00000003  c_w.l(_printf_f.o)
    0x08000166   0x08000166   0x00000004   Code   RO         3918    .ARM.Collect$$_printf_percent$$00000017  c_w.l(_printf_percent_end.o)
    0x0800016a   0x0800016a   0x00000002   Code   RO         4000    .ARM.Collect$$libinit$$00000000  c_w.l(libinit.o)
    0x0800016c   0x0800016c   0x00000000   Code   RO         4002    .ARM.Collect$$libinit$$00000002  c_w.l(libinit2.o)
    0x0800016c   0x0800016c   0x00000000   Code   RO         4004    .ARM.Collect$$libinit$$00000004  c_w.l(libinit2.o)
    0x0800016c   0x0800016c   0x00000000   Code   RO         4007    .ARM.Collect$$libinit$$0000000A  c_w.l(libinit2.o)
    0x0800016c   0x0800016c   0x00000000   Code   RO         4009    .ARM.Collect$$libinit$$0000000C  c_w.l(libinit2.o)
    0x0800016c   0x0800016c   0x00000000   Code   RO         4011    .ARM.Collect$$libinit$$0000000E  c_w.l(libinit2.o)
    0x0800016c   0x0800016c   0x00000006   Code   RO         4012    .ARM.Collect$$libinit$$0000000F  c_w.l(libinit2.o)
    0x08000172   0x08000172   0x00000000   Code   RO         4014    .ARM.Collect$$libinit$$00000011  c_w.l(libinit2.o)
    0x08000172   0x08000172   0x00000000   Code   RO         4016    .ARM.Collect$$libinit$$00000013  c_w.l(libinit2.o)
    0x08000172   0x08000172   0x00000000   Code   RO         4018    .ARM.Collect$$libinit$$00000015  c_w.l(libinit2.o)
    0x08000172   0x08000172   0x0000000a   Code   RO         4019    .ARM.Collect$$libinit$$00000016  c_w.l(libinit2.o)
    0x0800017c   0x0800017c   0x00000000   Code   RO         4020    .ARM.Collect$$libinit$$00000017  c_w.l(libinit2.o)
    0x0800017c   0x0800017c   0x00000000   Code   RO         4022    .ARM.Collect$$libinit$$00000019  c_w.l(libinit2.o)
    0x0800017c   0x0800017c   0x00000000   Code   RO         4024    .ARM.Collect$$libinit$$0000001B  c_w.l(libinit2.o)
    0x0800017c   0x0800017c   0x00000000   Code   RO         4026    .ARM.Collect$$libinit$$0000001D  c_w.l(libinit2.o)
    0x0800017c   0x0800017c   0x00000000   Code   RO         4028    .ARM.Collect$$libinit$$0000001F  c_w.l(libinit2.o)
    0x0800017c   0x0800017c   0x00000000   Code   RO         4030    .ARM.Collect$$libinit$$00000021  c_w.l(libinit2.o)
    0x0800017c   0x0800017c   0x00000000   Code   RO         4032    .ARM.Collect$$libinit$$00000023  c_w.l(libinit2.o)
    0x0800017c   0x0800017c   0x00000000   Code   RO         4034    .ARM.Collect$$libinit$$00000025  c_w.l(libinit2.o)
    0x0800017c   0x0800017c   0x00000000   Code   RO         4038    .ARM.Collect$$libinit$$0000002C  c_w.l(libinit2.o)
    0x0800017c   0x0800017c   0x00000000   Code   RO         4040    .ARM.Collect$$libinit$$0000002E  c_w.l(libinit2.o)
    0x0800017c   0x0800017c   0x00000000   Code   RO         4042    .ARM.Collect$$libinit$$00000030  c_w.l(libinit2.o)
    0x0800017c   0x0800017c   0x00000000   Code   RO         4044    .ARM.Collect$$libinit$$00000032  c_w.l(libinit2.o)
    0x0800017c   0x0800017c   0x00000002   Code   RO         4045    .ARM.Collect$$libinit$$00000033  c_w.l(libinit2.o)
    0x0800017e   0x0800017e   0x00000002   Code   RO         4075    .ARM.Collect$$libshutdown$$00000000  c_w.l(libshutdown.o)
    0x08000180   0x08000180   0x00000000   Code   RO         4086    .ARM.Collect$$libshutdown$$00000002  c_w.l(libshutdown2.o)
    0x08000180   0x08000180   0x00000000   Code   RO         4088    .ARM.Collect$$libshutdown$$00000004  c_w.l(libshutdown2.o)
    0x08000180   0x08000180   0x00000000   Code   RO         4091    .ARM.Collect$$libshutdown$$00000007  c_w.l(libshutdown2.o)
    0x08000180   0x08000180   0x00000000   Code   RO         4094    .ARM.Collect$$libshutdown$$0000000A  c_w.l(libshutdown2.o)
    0x08000180   0x08000180   0x00000000   Code   RO         4096    .ARM.Collect$$libshutdown$$0000000C  c_w.l(libshutdown2.o)
    0x08000180   0x08000180   0x00000000   Code   RO         4099    .ARM.Collect$$libshutdown$$0000000F  c_w.l(libshutdown2.o)
    0x08000180   0x08000180   0x00000002   Code   RO         4100    .ARM.Collect$$libshutdown$$00000010  c_w.l(libshutdown2.o)
    0x08000182   0x08000182   0x00000000   Code   RO         3911    .ARM.Collect$$rtentry$$00000000  c_w.l(__rtentry.o)
    0x08000182   0x08000182   0x00000000   Code   RO         3929    .ARM.Collect$$rtentry$$00000002  c_w.l(__rtentry2.o)
    0x08000182   0x08000182   0x00000006   Code   RO         3941    .ARM.Collect$$rtentry$$00000004  c_w.l(__rtentry4.o)
    0x08000188   0x08000188   0x00000000   Code   RO         3931    .ARM.Collect$$rtentry$$00000009  c_w.l(__rtentry2.o)
    0x08000188   0x08000188   0x00000004   Code   RO         3932    .ARM.Collect$$rtentry$$0000000A  c_w.l(__rtentry2.o)
    0x0800018c   0x0800018c   0x00000000   Code   RO         3934    .ARM.Collect$$rtentry$$0000000C  c_w.l(__rtentry2.o)
    0x0800018c   0x0800018c   0x00000008   Code   RO         3935    .ARM.Collect$$rtentry$$0000000D  c_w.l(__rtentry2.o)
    0x08000194   0x08000194   0x00000002   Code   RO         4046    .ARM.Collect$$rtexit$$00000000  c_w.l(rtexit.o)
    0x08000196   0x08000196   0x00000000   Code   RO         4053    .ARM.Collect$$rtexit$$00000002  c_w.l(rtexit2.o)
    0x08000196   0x08000196   0x00000004   Code   RO         4054    .ARM.Collect$$rtexit$$00000003  c_w.l(rtexit2.o)
    0x0800019a   0x0800019a   0x00000006   Code   RO         4055    .ARM.Collect$$rtexit$$00000004  c_w.l(rtexit2.o)
    0x080001a0   0x080001a0   0x00000040   Code   RO            4    .text               startup_stm32f103xb.o
    0x080001e0   0x080001e0   0x00000028   Code   RO         3831    .text               c_w.l(noretval__2sprintf.o)
    0x08000208   0x08000208   0x0000004e   Code   RO         3835    .text               c_w.l(_printf_pad.o)
    0x08000256   0x08000256   0x0000010e   Code   RO         3845    .text               c_w.l(__printf_wp.o)
    0x08000364   0x08000364   0x0000003e   Code   RO         3859    .text               c_w.l(strlen.o)
    0x080003a2   0x080003a2   0x0000004e   Code   RO         3861    .text               c_w.l(rt_memclr_w.o)
    0x080003f0   0x080003f0   0x00000006   Code   RO         3863    .text               c_w.l(heapauxi.o)
    0x080003f6   0x080003f6   0x0000041e   Code   RO         3912    .text               c_w.l(_printf_fp_dec.o)
    0x08000814   0x08000814   0x00000030   Code   RO         3914    .text               c_w.l(_printf_char_common.o)
    0x08000844   0x08000844   0x0000000a   Code   RO         3916    .text               c_w.l(_sputc.o)
    0x0800084e   0x0800084e   0x00000002   PAD
    0x08000850   0x08000850   0x00000008   Code   RO         3946    .text               c_w.l(rt_locale_intlibspace.o)
    0x08000858   0x08000858   0x0000008a   Code   RO         3948    .text               c_w.l(lludiv10.o)
    0x080008e2   0x080008e2   0x00000002   PAD
    0x080008e4   0x080008e4   0x00000080   Code   RO         3950    .text               c_w.l(_printf_fp_infnan.o)
    0x08000964   0x08000964   0x000000e4   Code   RO         3954    .text               c_w.l(bigflt0.o)
    0x08000a48   0x08000a48   0x00000008   Code   RO         3986    .text               c_w.l(libspace.o)
    0x08000a50   0x08000a50   0x0000004a   Code   RO         3989    .text               c_w.l(sys_stackheap_outer.o)
    0x08000a9a   0x08000a9a   0x00000012   Code   RO         3991    .text               c_w.l(exit.o)
    0x08000aac   0x08000aac   0x00000080   Code   RO         3993    .text               c_w.l(strcmpv7m.o)
    0x08000b2c   0x08000b2c   0x0000000c   Code   RO         4065    .text               c_w.l(sys_exit.o)
    0x08000b38   0x08000b38   0x00000002   Code   RO         4076    .text               c_w.l(use_no_semi.o)
    0x08000b3a   0x08000b3a   0x00000000   Code   RO         4078    .text               c_w.l(indicate_semi.o)
    0x08000b3a   0x08000b3a   0x0000003e   Code   RO         3957    CL$$btod_d2e        c_w.l(btod.o)
    0x08000b78   0x08000b78   0x00000046   Code   RO         3959    CL$$btod_d2e_denorm_low  c_w.l(btod.o)
    0x08000bbe   0x08000bbe   0x00000060   Code   RO         3958    CL$$btod_d2e_norm_op1  c_w.l(btod.o)
    0x08000c1e   0x08000c1e   0x00000338   Code   RO         3967    CL$$btod_div_common  c_w.l(btod.o)
    0x08000f56   0x08000f56   0x000000dc   Code   RO         3964    CL$$btod_e2e        c_w.l(btod.o)
    0x08001032   0x08001032   0x0000002a   Code   RO         3961    CL$$btod_ediv       c_w.l(btod.o)
    0x0800105c   0x0800105c   0x0000002a   Code   RO         3960    CL$$btod_emul       c_w.l(btod.o)
    0x08001086   0x08001086   0x00000244   Code   RO         3966    CL$$btod_mult_common  c_w.l(btod.o)
    0x080012ca   0x080012ca   0x00000002   PAD
    0x080012cc   0x080012cc   0x00000056   Code   RO          764    i.ADC_ConversionStop_Disable  stm32f1xx_hal_adc.o
    0x08001322   0x08001322   0x00000002   PAD
    0x08001324   0x08001324   0x0000007c   Code   RO          768    i.ADC_Enable        stm32f1xx_hal_adc.o
    0x080013a0   0x080013a0   0x00000006   Code   RO          254    i.BUTTON_Setting_Init  setpoint_interrup.o
    0x080013a6   0x080013a6   0x00000002   Code   RO          568    i.BusFault_Handler  stm32f1xx_it.o
    0x080013a8   0x080013a8   0x00000014   Code   RO           15    i.CLCD_I2C_Clear    clcd_i2c.o
    0x080013bc   0x080013bc   0x000000a2   Code   RO           18    i.CLCD_I2C_Init     clcd_i2c.o
    0x0800145e   0x0800145e   0x00000044   Code   RO           20    i.CLCD_I2C_SetCursor  clcd_i2c.o
    0x080014a2   0x080014a2   0x00000006   Code   RO           21    i.CLCD_I2C_WriteChar  clcd_i2c.o
    0x080014a8   0x080014a8   0x00000018   Code   RO           22    i.CLCD_I2C_WriteString  clcd_i2c.o
    0x080014c0   0x080014c0   0x0000006a   Code   RO           23    i.CLCD_WriteI2C     clcd_i2c.o
    0x0800152a   0x0800152a   0x00000004   Code   RO          383    i.DELAY_TIM_Init    delay_timer.o
    0x0800152e   0x0800152e   0x0000001e   Code   RO          384    i.DELAY_TIM_Ms      delay_timer.o
    0x0800154c   0x0800154c   0x00000010   Code   RO          385    i.DELAY_TIM_Us      delay_timer.o
    0x0800155c   0x0800155c   0x00000006   Code   RO          302    i.DS18B20_DelayMs   ds18b20.o
    0x08001562   0x08001562   0x00000006   Code   RO          303    i.DS18B20_DelayUs   ds18b20.o
    0x08001568   0x08001568   0x00000010   Code   RO          304    i.DS18B20_Init      ds18b20.o
    0x08001578   0x08001578   0x00000050   Code   RO          305    i.DS18B20_Read      ds18b20.o
    0x080015c8   0x080015c8   0x00000008   Code   RO          306    i.DS18B20_ReadPin   ds18b20.o
    0x080015d0   0x080015d0   0x00000062   Code   RO          307    i.DS18B20_ReadTemp  ds18b20.o
    0x08001632   0x08001632   0x0000001e   Code   RO          308    i.DS18B20_SetPinIn  ds18b20.o
    0x08001650   0x08001650   0x00000022   Code   RO          309    i.DS18B20_SetPinOut  ds18b20.o
    0x08001672   0x08001672   0x00000042   Code   RO          310    i.DS18B20_Start     ds18b20.o
    0x080016b4   0x080016b4   0x00000062   Code   RO          311    i.DS18B20_Write     ds18b20.o
    0x08001716   0x08001716   0x0000000c   Code   RO          312    i.DS18B20_WritePin  ds18b20.o
    0x08001722   0x08001722   0x00000002   PAD
    0x08001724   0x08001724   0x0000005c   Code   RO          255    i.Data_Update       setpoint_interrup.o
    0x08001780   0x08001780   0x00000002   Code   RO          569    i.DebugMon_Handler  stm32f1xx_it.o
    0x08001782   0x08001782   0x00000002   PAD
    0x08001784   0x08001784   0x000000fc   Code   RO          770    i.HAL_ADC_ConfigChannel  stm32f1xx_hal_adc.o
    0x08001880   0x08001880   0x00000006   Code   RO          777    i.HAL_ADC_GetValue  stm32f1xx_hal_adc.o
    0x08001886   0x08001886   0x00000002   PAD
    0x08001888   0x08001888   0x0000011c   Code   RO          779    i.HAL_ADC_Init      stm32f1xx_hal_adc.o
    0x080019a4   0x080019a4   0x00000058   Code   RO          651    i.HAL_ADC_MspInit   stm32f1xx_hal_msp.o
    0x080019fc   0x080019fc   0x000000c0   Code   RO          785    i.HAL_ADC_Start     stm32f1xx_hal_adc.o
    0x08001abc   0x08001abc   0x00000024   Code   RO         1047    i.HAL_Delay         stm32f1xx_hal.o
    0x08001ae0   0x08001ae0   0x000001e0   Code   RO         1357    i.HAL_GPIO_Init     stm32f1xx_hal_gpio.o
    0x08001cc0   0x08001cc0   0x0000000a   Code   RO         1359    i.HAL_GPIO_ReadPin  stm32f1xx_hal_gpio.o
    0x08001cca   0x08001cca   0x00000010   Code   RO         1360    i.HAL_GPIO_TogglePin  stm32f1xx_hal_gpio.o
    0x08001cda   0x08001cda   0x0000000a   Code   RO         1361    i.HAL_GPIO_WritePin  stm32f1xx_hal_gpio.o
    0x08001ce4   0x08001ce4   0x0000000c   Code   RO         1051    i.HAL_GetTick       stm32f1xx_hal.o
    0x08001cf0   0x08001cf0   0x00000188   Code   RO         2028    i.HAL_I2C_Init      stm32f1xx_hal_i2c.o
    0x08001e78   0x08001e78   0x0000012c   Code   RO         2041    i.HAL_I2C_Master_Transmit  stm32f1xx_hal_i2c.o
    0x08001fa4   0x08001fa4   0x0000005c   Code   RO          653    i.HAL_I2C_MspInit   stm32f1xx_hal_msp.o
    0x08002000   0x08002000   0x00000010   Code   RO         1057    i.HAL_IncTick       stm32f1xx_hal.o
    0x08002010   0x08002010   0x00000024   Code   RO         1058    i.HAL_Init          stm32f1xx_hal.o
    0x08002034   0x08002034   0x00000040   Code   RO         1059    i.HAL_InitTick      stm32f1xx_hal.o
    0x08002074   0x08002074   0x0000003c   Code   RO          654    i.HAL_MspInit       stm32f1xx_hal_msp.o
    0x080020b0   0x080020b0   0x0000001a   Code   RO         1517    i.HAL_NVIC_EnableIRQ  stm32f1xx_hal_cortex.o
    0x080020ca   0x080020ca   0x00000002   PAD
    0x080020cc   0x080020cc   0x00000040   Code   RO         1523    i.HAL_NVIC_SetPriority  stm32f1xx_hal_cortex.o
    0x0800210c   0x0800210c   0x00000024   Code   RO         1524    i.HAL_NVIC_SetPriorityGrouping  stm32f1xx_hal_cortex.o
    0x08002130   0x08002130   0x000000ec   Code   RO         1319    i.HAL_RCCEx_PeriphCLKConfig  stm32f1xx_hal_rcc_ex.o
    0x0800221c   0x0800221c   0x0000012c   Code   RO         1215    i.HAL_RCC_ClockConfig  stm32f1xx_hal_rcc.o
    0x08002348   0x08002348   0x00000020   Code   RO         1222    i.HAL_RCC_GetPCLK1Freq  stm32f1xx_hal_rcc.o
    0x08002368   0x08002368   0x00000020   Code   RO         1223    i.HAL_RCC_GetPCLK2Freq  stm32f1xx_hal_rcc.o
    0x08002388   0x08002388   0x0000004c   Code   RO         1224    i.HAL_RCC_GetSysClockFreq  stm32f1xx_hal_rcc.o
    0x080023d4   0x080023d4   0x00000320   Code   RO         1227    i.HAL_RCC_OscConfig  stm32f1xx_hal_rcc.o
    0x080026f4   0x080026f4   0x00000028   Code   RO         1528    i.HAL_SYSTICK_Config  stm32f1xx_hal_cortex.o
    0x0800271c   0x0800271c   0x00000002   Code   RO         3160    i.HAL_TIMEx_BreakCallback  stm32f1xx_hal_tim_ex.o
    0x0800271e   0x0800271e   0x00000002   Code   RO         3161    i.HAL_TIMEx_CommutCallback  stm32f1xx_hal_tim_ex.o
    0x08002720   0x08002720   0x00000068   Code   RO         3179    i.HAL_TIMEx_MasterConfigSynchronization  stm32f1xx_hal_tim_ex.o
    0x08002788   0x08002788   0x0000005a   Code   RO         2456    i.HAL_TIM_Base_Init  stm32f1xx_hal_tim.o
    0x080027e2   0x080027e2   0x00000002   PAD
    0x080027e4   0x080027e4   0x0000006c   Code   RO          656    i.HAL_TIM_Base_MspInit  stm32f1xx_hal_msp.o
    0x08002850   0x08002850   0x00000050   Code   RO         2459    i.HAL_TIM_Base_Start  stm32f1xx_hal_tim.o
    0x080028a0   0x080028a0   0x00000058   Code   RO         2461    i.HAL_TIM_Base_Start_IT  stm32f1xx_hal_tim.o
    0x080028f8   0x080028f8   0x000000dc   Code   RO         2465    i.HAL_TIM_ConfigClockSource  stm32f1xx_hal_tim.o
    0x080029d4   0x080029d4   0x00000002   Code   RO         2490    i.HAL_TIM_IC_CaptureCallback  stm32f1xx_hal_tim.o
    0x080029d6   0x080029d6   0x00000166   Code   RO         2504    i.HAL_TIM_IRQHandler  stm32f1xx_hal_tim.o
    0x08002b3c   0x08002b3c   0x00000048   Code   RO          657    i.HAL_TIM_MspPostInit  stm32f1xx_hal_msp.o
    0x08002b84   0x08002b84   0x00000002   Code   RO         2507    i.HAL_TIM_OC_DelayElapsedCallback  stm32f1xx_hal_tim.o
    0x08002b86   0x08002b86   0x000000cc   Code   RO         2528    i.HAL_TIM_PWM_ConfigChannel  stm32f1xx_hal_tim.o
    0x08002c52   0x08002c52   0x0000005a   Code   RO         2531    i.HAL_TIM_PWM_Init  stm32f1xx_hal_tim.o
    0x08002cac   0x08002cac   0x00000002   Code   RO         2533    i.HAL_TIM_PWM_MspInit  stm32f1xx_hal_tim.o
    0x08002cae   0x08002cae   0x00000002   Code   RO         2534    i.HAL_TIM_PWM_PulseFinishedCallback  stm32f1xx_hal_tim.o
    0x08002cb0   0x08002cb0   0x0000009c   Code   RO         2536    i.HAL_TIM_PWM_Start  stm32f1xx_hal_tim.o
    0x08002d4c   0x08002d4c   0x0000000c   Code   RO          478    i.HAL_TIM_PeriodElapsedCallback  main.o
    0x08002d58   0x08002d58   0x00000002   Code   RO         2547    i.HAL_TIM_TriggerCallback  stm32f1xx_hal_tim.o
    0x08002d5a   0x08002d5a   0x00000064   Code   RO         3457    i.HAL_UART_Init     stm32f1xx_hal_uart.o
    0x08002dbe   0x08002dbe   0x00000002   PAD
    0x08002dc0   0x08002dc0   0x00000070   Code   RO          659    i.HAL_UART_MspInit  stm32f1xx_hal_msp.o
    0x08002e30   0x08002e30   0x0000009a   Code   RO         3465    i.HAL_UART_Transmit  stm32f1xx_hal_uart.o
    0x08002eca   0x08002eca   0x00000002   Code   RO          570    i.HardFault_Handler  stm32f1xx_it.o
    0x08002ecc   0x08002ecc   0x0000002e   Code   RO         2071    i.I2C_IsAcknowledgeFailed  stm32f1xx_hal_i2c.o
    0x08002efa   0x08002efa   0x00000002   PAD
    0x08002efc   0x08002efc   0x0000009c   Code   RO         2075    i.I2C_MasterRequestWrite  stm32f1xx_hal_i2c.o
    0x08002f98   0x08002f98   0x00000056   Code   RO         2086    i.I2C_WaitOnBTFFlagUntilTimeout  stm32f1xx_hal_i2c.o
    0x08002fee   0x08002fee   0x00000002   PAD
    0x08002ff0   0x08002ff0   0x00000090   Code   RO         2087    i.I2C_WaitOnFlagUntilTimeout  stm32f1xx_hal_i2c.o
    0x08003080   0x08003080   0x000000bc   Code   RO         2088    i.I2C_WaitOnMasterAddressFlagUntilTimeout  stm32f1xx_hal_i2c.o
    0x0800313c   0x0800313c   0x00000056   Code   RO         2090    i.I2C_WaitOnTXEFlagUntilTimeout  stm32f1xx_hal_i2c.o
    0x08003192   0x08003192   0x00000002   PAD
    0x08003194   0x08003194   0x00000040   Code   RO          479    i.MX_ADC1_Init      main.o
    0x080031d4   0x080031d4   0x000000b0   Code   RO          480    i.MX_GPIO_Init      main.o
    0x08003284   0x08003284   0x0000007c   Code   RO          481    i.MX_TIM2_Init      main.o
    0x08003300   0x08003300   0x00000054   Code   RO          482    i.MX_TIM3_Init      main.o
    0x08003354   0x08003354   0x00000054   Code   RO          483    i.MX_TIM4_Init      main.o
    0x080033a8   0x080033a8   0x00000002   Code   RO          571    i.MemManage_Handler  stm32f1xx_it.o
    0x080033aa   0x080033aa   0x00000002   Code   RO          572    i.NMI_Handler       stm32f1xx_it.o
    0x080033ac   0x080033ac   0x00000090   Code   RO          484    i.PID_Control       main.o
    0x0800343c   0x0800343c   0x00000002   Code   RO          573    i.PendSV_Handler    stm32f1xx_it.o
    0x0800343e   0x0800343e   0x00000002   PAD
    0x08003440   0x08003440   0x00000048   Code   RO          485    i.Printf_Sever      main.o
    0x08003488   0x08003488   0x00000002   Code   RO          574    i.SVC_Handler       stm32f1xx_it.o
    0x0800348a   0x0800348a   0x00000002   PAD
    0x0800348c   0x0800348c   0x00000054   Code   RO          256    i.Setpoint_Interrupt_Mode  setpoint_interrup.o
    0x080034e0   0x080034e0   0x00000004   Code   RO          575    i.SysTick_Handler   stm32f1xx_it.o
    0x080034e4   0x080034e4   0x00000062   Code   RO          486    i.SystemClock_Config  main.o
    0x08003546   0x08003546   0x00000002   Code   RO         3791    i.SystemInit        system_stm32f1xx.o
    0x08003548   0x08003548   0x0000000c   Code   RO          576    i.TIM3_IRQHandler   stm32f1xx_it.o
    0x08003554   0x08003554   0x0000006c   Code   RO         2549    i.TIM_Base_SetConfig  stm32f1xx_hal_tim.o
    0x080035c0   0x080035c0   0x0000001a   Code   RO         2550    i.TIM_CCxChannelCmd  stm32f1xx_hal_tim.o
    0x080035da   0x080035da   0x00000014   Code   RO         2560    i.TIM_ETR_SetConfig  stm32f1xx_hal_tim.o
    0x080035ee   0x080035ee   0x00000010   Code   RO         2561    i.TIM_ITRx_SetConfig  stm32f1xx_hal_tim.o
    0x080035fe   0x080035fe   0x00000002   PAD
    0x08003600   0x08003600   0x00000050   Code   RO         2562    i.TIM_OC1_SetConfig  stm32f1xx_hal_tim.o
    0x08003650   0x08003650   0x00000058   Code   RO         2563    i.TIM_OC2_SetConfig  stm32f1xx_hal_tim.o
    0x080036a8   0x080036a8   0x00000058   Code   RO         2564    i.TIM_OC3_SetConfig  stm32f1xx_hal_tim.o
    0x08003700   0x08003700   0x00000044   Code   RO         2565    i.TIM_OC4_SetConfig  stm32f1xx_hal_tim.o
    0x08003744   0x08003744   0x00000022   Code   RO         2567    i.TIM_TI1_ConfigInputStage  stm32f1xx_hal_tim.o
    0x08003766   0x08003766   0x00000024   Code   RO         2569    i.TIM_TI2_ConfigInputStage  stm32f1xx_hal_tim.o
    0x0800378a   0x0800378a   0x00000002   PAD
    0x0800378c   0x0800378c   0x000000b8   Code   RO         3483    i.UART_SetConfig    stm32f1xx_hal_uart.o
    0x08003844   0x08003844   0x00000078   Code   RO         3486    i.UART_WaitOnFlagUntilTimeout  stm32f1xx_hal_uart.o
    0x080038bc   0x080038bc   0x00000002   Code   RO          577    i.UsageFault_Handler  stm32f1xx_it.o
    0x080038be   0x080038be   0x00000028   Code   RO         3984    i.__ARM_fpclassify  m_ws.l(fpclassify.o)
    0x080038e6   0x080038e6   0x00000020   Code   RO         1530    i.__NVIC_SetPriority  stm32f1xx_hal_cortex.o
    0x08003906   0x08003906   0x0000000e   Code   RO         3847    i._is_digit         c_w.l(__printf_wp.o)
    0x08003914   0x08003914   0x00000018   Code   RO          419    i.lcd_clear         i2c-lcd.o
    0x0800392c   0x0800392c   0x00000078   Code   RO          420    i.lcd_init          i2c-lcd.o
    0x080039a4   0x080039a4   0x00000018   Code   RO          421    i.lcd_put_cur       i2c-lcd.o
    0x080039bc   0x080039bc   0x00000040   Code   RO          422    i.lcd_send_cmd      i2c-lcd.o
    0x080039fc   0x080039fc   0x00000040   Code   RO          423    i.lcd_send_data     i2c-lcd.o
    0x08003a3c   0x08003a3c   0x00000014   Code   RO          424    i.lcd_send_string   i2c-lcd.o
    0x08003a50   0x08003a50   0x000001e4   Code   RO          487    i.main              main.o
    0x08003c34   0x08003c34   0x00000048   Code   RO          257    i.mapToRange        setpoint_interrup.o
    0x08003c7c   0x08003c7c   0x0000002c   Code   RO         3980    locale$$code        c_w.l(lc_numeric_c.o)
    0x08003ca8   0x08003ca8   0x00000150   Code   RO         3867    x$fpl$dadd          fz_ws.l(daddsub_clz.o)
    0x08003df8   0x08003df8   0x000002b0   Code   RO         3874    x$fpl$ddiv          fz_ws.l(ddiv.o)
    0x080040a8   0x080040a8   0x0000005a   Code   RO         3877    x$fpl$dfixu         fz_ws.l(dfixu.o)
    0x08004102   0x08004102   0x0000002e   Code   RO         3882    x$fpl$dflt          fz_ws.l(dflt_clz.o)
    0x08004130   0x08004130   0x00000026   Code   RO         3881    x$fpl$dfltu         fz_ws.l(dflt_clz.o)
    0x08004156   0x08004156   0x00000002   PAD
    0x08004158   0x08004158   0x00000154   Code   RO         3887    x$fpl$dmul          fz_ws.l(dmul.o)
    0x080042ac   0x080042ac   0x0000009c   Code   RO         3919    x$fpl$dnaninf       fz_ws.l(dnaninf.o)
    0x08004348   0x08004348   0x0000000c   Code   RO         3921    x$fpl$dretinf       fz_ws.l(dretinf.o)
    0x08004354   0x08004354   0x000001d4   Code   RO         3869    x$fpl$dsub          fz_ws.l(daddsub_clz.o)
    0x08004528   0x08004528   0x00000056   Code   RO         3889    x$fpl$f2d           fz_ws.l(f2d.o)
    0x0800457e   0x0800457e   0x00000002   PAD
    0x08004580   0x08004580   0x000000c4   Code   RO         3891    x$fpl$fadd          fz_ws.l(faddsub_clz.o)
    0x08004644   0x08004644   0x0000003e   Code   RO         3897    x$fpl$ffixu         fz_ws.l(ffixu.o)
    0x08004682   0x08004682   0x00000002   PAD
    0x08004684   0x08004684   0x00000026   Code   RO         3901    x$fpl$ffltu         fz_ws.l(fflt_clz.o)
    0x080046aa   0x080046aa   0x00000002   PAD
    0x080046ac   0x080046ac   0x00000102   Code   RO         3907    x$fpl$fmul          fz_ws.l(fmul.o)
    0x080047ae   0x080047ae   0x0000008c   Code   RO         3923    x$fpl$fnaninf       fz_ws.l(fnaninf.o)
    0x0800483a   0x0800483a   0x0000000a   Code   RO         3925    x$fpl$fretinf       fz_ws.l(fretinf.o)
    0x08004844   0x08004844   0x000000ea   Code   RO         3893    x$fpl$fsub          fz_ws.l(faddsub_clz.o)
    0x0800492e   0x0800492e   0x00000004   Code   RO         3909    x$fpl$printf1       fz_ws.l(printf1.o)
    0x08004932   0x08004932   0x00000000   Code   RO         3927    x$fpl$usenofp       fz_ws.l(usenofp.o)
    0x08004932   0x08004932   0x00000012   Data   RO         1228    .constdata          stm32f1xx_hal_rcc.o
    0x08004944   0x08004944   0x00000010   Data   RO         3792    .constdata          system_stm32f1xx.o
    0x08004954   0x08004954   0x00000008   Data   RO         3793    .constdata          system_stm32f1xx.o
    0x0800495c   0x0800495c   0x00000094   Data   RO         3955    .constdata          c_w.l(bigflt0.o)
    0x080049f0   0x080049f0   0x00000020   Data   RO         4125    Region$$Table       anon$$obj.o
    0x08004a10   0x08004a10   0x0000001c   Data   RO         3979    locale$$data        c_w.l(lc_numeric_c.o)


    Execution Region RW_IRAM1 (Exec base: 0x20000000, Load base: 0x08004a2c, Size: 0x00000858, Max: 0x00005000, ABSOLUTE)

    Exec Addr    Load Addr    Size         Type   Attr      Idx    E Section Name        Object

    0x20000000   0x08004a2c   0x00000028   Data   RW          490    .data               main.o
    0x20000028   0x08004a54   0x0000000c   Data   RW         1065    .data               stm32f1xx_hal.o
    0x20000034   0x08004a60   0x00000004   Data   RW         3794    .data               system_stm32f1xx.o
    0x20000038        -       0x000001c0   Zero   RW          488    .bss                main.o
    0x200001f8        -       0x00000060   Zero   RW         3987    .bss                c_w.l(libspace.o)
    0x20000258        -       0x00000200   Zero   RW            2    HEAP                startup_stm32f103xb.o
    0x20000458        -       0x00000400   Zero   RW            1    STACK               startup_stm32f103xb.o


==============================================================================

Image component sizes


      Code (inc. data)   RO Data    RW Data    ZI Data      Debug   Object Name

       386          0          0          0          0     454006   clcd_i2c.o
        50          0          0          0          0       1803   delay_timer.o
       454          0          0          0          0       7010   ds18b20.o
       316         12          0          0          0       3234   i2c-lcd.o
      1342        168          0         40        448       7300   main.o
       254         30          0          0          0       3554   setpoint_interrup.o
        64         26        236          0       1536        808   startup_stm32f103xb.o
       164         28          0         12          0       5889   stm32f1xx_hal.o
       944         42          0          0          0       5404   stm32f1xx_hal_adc.o
       198         14          0          0          0      28935   stm32f1xx_hal_cortex.o
       516         34          0          0          0       4120   stm32f1xx_hal_gpio.o
      1398         32          0          0          0       9093   stm32f1xx_hal_i2c.o
       532         68          0          0          0       4250   stm32f1xx_hal_msp.o
      1240         84         18          0          0       5112   stm32f1xx_hal_rcc.o
       236         12          0          0          0       1380   stm32f1xx_hal_rcc_ex.o
      1860         72          0          0          0      16667   stm32f1xx_hal_tim.o
       108         12          0          0          0       2401   stm32f1xx_hal_tim_ex.o
       558          6          0          0          0       3972   stm32f1xx_hal_uart.o
        32          6          0          0          0       4296   stm32f1xx_it.o
         2          0         24          4          0       1115   system_stm32f1xx.o

    ----------------------------------------------------------------------
     10682        646        310         56       1984     570349   Object Totals
         0          0         32          0          0          0   (incl. Generated)
        28          0          0          0          0          0   (incl. Padding)

    ----------------------------------------------------------------------

      Code (inc. data)   RO Data    RW Data    ZI Data      Debug   Library Member Name

         8          0          0          0          0         68   __main.o
       284          0          0          0          0        156   __printf_wp.o
         0          0          0          0          0          0   __rtentry.o
        12          0          0          0          0          0   __rtentry2.o
         6          0          0          0          0          0   __rtentry4.o
        52          8          0          0          0          0   __scatter.o
        26          0          0          0          0          0   __scatter_copy.o
        28          0          0          0          0          0   __scatter_zi.o
        48          6          0          0          0         96   _printf_char_common.o
         6          0          0          0          0          0   _printf_f.o
      1054          0          0          0          0        216   _printf_fp_dec.o
       128         16          0          0          0         84   _printf_fp_infnan.o
        78          0          0          0          0        108   _printf_pad.o
         0          0          0          0          0          0   _printf_percent.o
         4          0          0          0          0          0   _printf_percent_end.o
        10          0          0          0          0         68   _sputc.o
       228          4        148          0          0         96   bigflt0.o
      1936        128          0          0          0        672   btod.o
        18          0          0          0          0         80   exit.o
         6          0          0          0          0        152   heapauxi.o
         0          0          0          0          0          0   indicate_semi.o
        44         10         28          0          0         76   lc_numeric_c.o
         2          0          0          0          0          0   libinit.o
        18          0          0          0          0          0   libinit2.o
         2          0          0          0          0          0   libshutdown.o
         2          0          0          0          0          0   libshutdown2.o
         8          4          0          0         96         68   libspace.o
       138          0          0          0          0         80   lludiv10.o
        40          6          0          0          0         84   noretval__2sprintf.o
         8          4          0          0          0         68   rt_locale_intlibspace.o
        78          0          0          0          0         80   rt_memclr_w.o
         2          0          0          0          0          0   rtexit.o
        10          0          0          0          0          0   rtexit2.o
       128          0          0          0          0         68   strcmpv7m.o
        62          0          0          0          0         76   strlen.o
        12          4          0          0          0         68   sys_exit.o
        74          0          0          0          0         80   sys_stackheap_outer.o
         2          0          0          0          0         68   use_no_semi.o
       804         16          0          0          0        272   daddsub_clz.o
       688        140          0          0          0        208   ddiv.o
        90          4          0          0          0         92   dfixu.o
        84          0          0          0          0        136   dflt_clz.o
       340         12          0          0          0        104   dmul.o
       156          4          0          0          0         92   dnaninf.o
        12          0          0          0          0         68   dretinf.o
        86          4          0          0          0         84   f2d.o
       430          8          0          0          0        168   faddsub_clz.o
        62          4          0          0          0         84   ffixu.o
        38          0          0          0          0         68   fflt_clz.o
       258          4          0          0          0         84   fmul.o
       140          4          0          0          0         84   fnaninf.o
        10          0          0          0          0         68   fretinf.o
         4          0          0          0          0         68   printf1.o
         0          0          0          0          0          0   usenofp.o
        40          0          0          0          0         68   fpclassify.o

    ----------------------------------------------------------------------
      7820        390        176          0         96       4360   Library Totals
        16          0          0          0          0          0   (incl. Padding)

    ----------------------------------------------------------------------

      Code (inc. data)   RO Data    RW Data    ZI Data      Debug   Library Name

      4562        190        176          0         96       2612   c_w.l
      3202        200          0          0          0       1680   fz_ws.l
        40          0          0          0          0         68   m_ws.l

    ----------------------------------------------------------------------
      7820        390        176          0         96       4360   Library Totals

    ----------------------------------------------------------------------

==============================================================================


      Code (inc. data)   RO Data    RW Data    ZI Data      Debug   

     18502       1036        486         56       2080     566333   Grand Totals
     18502       1036        486         56       2080     566333   ELF Image Totals
     18502       1036        486         56          0          0   ROM Totals

==============================================================================

    Total RO  Size (Code + RO Data)                18988 (  18.54kB)
    Total RW  Size (RW Data + ZI Data)              2136 (   2.09kB)
    Total ROM Size (Code + RO Data + RW Data)      19044 (  18.60kB)

==============================================================================

